Archive member included because of file (symbol)

/Users/simon/gnat-runtimes/stm32f429i-disco-bsp//adalib/libbsp.a(stm32f429i_discovery.o)
                              /Users/simon/gnat-runtimes/demo_stm32f429i-disco-bsp/.build/stm32f429i_discovery-leds.o (BSP_LED_Init)
/Users/simon/gnat-runtimes/stm32f429i-disco-bsp//adalib/libbsp.a(_init.o)
                              (_init)
/Users/simon/gnat-runtimes/stm32f429i-disco-bsp//adalib/libbsp.a(bsp_configure_system_clock.o)
                              /Users/simon/gnat-runtimes/demo_stm32f429i-disco-bsp/.build/stm32f429i_discovery-hal.o (_bsp_configure_system_clock)
/Users/simon/gnat-runtimes/stm32f429i-disco-bsp//adalib/libbsp.a(syscalls.o)
                              (_sbrk)
/Users/simon/gnat-runtimes/stm32f429i-disco-bsp//adalib/libbsp.a(startup_stm32f429xx.o)
                              (Reset_Handler)
/Users/simon/gnat-runtimes/stm32f429i-disco-bsp//adalib/libbsp.a(stm32f4xx_hal.o)
                              /Users/simon/gnat-runtimes/demo_stm32f429i-disco-bsp/.build/stm32f429i_discovery-hal.o (HAL_Init)
/Users/simon/gnat-runtimes/stm32f429i-disco-bsp//adalib/libbsp.a(stm32f4xx_hal_cortex.o)
                              /Users/simon/gnat-runtimes/stm32f429i-disco-bsp//adalib/libbsp.a(stm32f4xx_hal.o) (HAL_NVIC_SetPriorityGrouping)
/Users/simon/gnat-runtimes/stm32f429i-disco-bsp//adalib/libbsp.a(stm32f4xx_hal_gpio.o)
                              /Users/simon/gnat-runtimes/stm32f429i-disco-bsp//adalib/libbsp.a(stm32f429i_discovery.o) (HAL_GPIO_Init)
/Users/simon/gnat-runtimes/stm32f429i-disco-bsp//adalib/libbsp.a(stm32f4xx_hal_i2c.o)
                              /Users/simon/gnat-runtimes/stm32f429i-disco-bsp//adalib/libbsp.a(stm32f429i_discovery.o) (HAL_I2C_Init)
/Users/simon/gnat-runtimes/stm32f429i-disco-bsp//adalib/libbsp.a(stm32f4xx_hal_pwr_ex.o)
                              /Users/simon/gnat-runtimes/stm32f429i-disco-bsp//adalib/libbsp.a(bsp_configure_system_clock.o) (HAL_PWREx_ActivateOverDrive)
/Users/simon/gnat-runtimes/stm32f429i-disco-bsp//adalib/libbsp.a(stm32f4xx_hal_rcc.o)
                              /Users/simon/gnat-runtimes/stm32f429i-disco-bsp//adalib/libbsp.a(bsp_configure_system_clock.o) (HAL_RCC_OscConfig)
/Users/simon/gnat-runtimes/stm32f429i-disco-bsp//adalib/libbsp.a(stm32f4xx_hal_spi.o)
                              /Users/simon/gnat-runtimes/stm32f429i-disco-bsp//adalib/libbsp.a(stm32f429i_discovery.o) (HAL_SPI_Init)
/Users/simon/gnat-runtimes/stm32f429i-disco-bsp//adalib/libbsp.a(stm32f4xx_it.o)
                              /Users/simon/gnat-runtimes/stm32f429i-disco-bsp//adalib/libbsp.a(startup_stm32f429xx.o) (NMI_Handler)
/Users/simon/gnat-runtimes/stm32f429i-disco-bsp//adalib/libbsp.a(system_stm32f4xx.o)
                              /Users/simon/gnat-runtimes/stm32f429i-disco-bsp//adalib/libbsp.a(stm32f4xx_hal_rcc.o) (SystemCoreClock)
/Users/simon/gnat-runtimes/stm32f429i-disco-bsp//adalib/libbsp.a(stm32f4xx_hal_dma.o)
                              /Users/simon/gnat-runtimes/stm32f429i-disco-bsp//adalib/libbsp.a(stm32f4xx_hal_i2c.o) (HAL_DMA_Start_IT)
/opt/gnat-gpl-2014-arm-eabi/bin/../lib/gcc/arm-eabi/4.7.4/libgcc.a(_aeabi_uldivmod.o)
                              /Users/simon/gnat-runtimes/demo_stm32f429i-disco-bsp/.build/clocking.o (__aeabi_uldivmod)
/opt/gnat-gpl-2014-arm-eabi/bin/../lib/gcc/arm-eabi/4.7.4/libgcc.a(bpabi.o)
                              /opt/gnat-gpl-2014-arm-eabi/bin/../lib/gcc/arm-eabi/4.7.4/libgcc.a(_aeabi_uldivmod.o) (__gnu_uldivmod_helper)
/opt/gnat-gpl-2014-arm-eabi/bin/../lib/gcc/arm-eabi/4.7.4/libgcc.a(_dvmd_tls.o)
                              /opt/gnat-gpl-2014-arm-eabi/bin/../lib/gcc/arm-eabi/4.7.4/libgcc.a(_aeabi_uldivmod.o) (__aeabi_ldiv0)
/opt/gnat-gpl-2014-arm-eabi/bin/../lib/gcc/arm-eabi/4.7.4/libgcc.a(_divdi3.o)
                              /opt/gnat-gpl-2014-arm-eabi/bin/../lib/gcc/arm-eabi/4.7.4/libgcc.a(bpabi.o) (__divdi3)
/opt/gnat-gpl-2014-arm-eabi/bin/../lib/gcc/arm-eabi/4.7.4/libgcc.a(_udivdi3.o)
                              /opt/gnat-gpl-2014-arm-eabi/bin/../lib/gcc/arm-eabi/4.7.4/libgcc.a(bpabi.o) (__udivdi3)
/opt/gnat-gpl-2014-arm-eabi/bin/../lib/gcc/arm-eabi/4.7.4/libgcc.a(unwind-arm.o)
                              /opt/gnat-gpl-2014-arm-eabi/bin/../lib/gcc/arm-eabi/4.7.4/libgcc.a(_divdi3.o) (__aeabi_unwind_cpp_pr0)
/opt/gnat-gpl-2014-arm-eabi/bin/../lib/gcc/arm-eabi/4.7.4/libgcc.a(libunwind.o)
                              /opt/gnat-gpl-2014-arm-eabi/bin/../lib/gcc/arm-eabi/4.7.4/libgcc.a(unwind-arm.o) (restore_core_regs)
/opt/gnat-gpl-2014-arm-eabi/bin/../lib/gcc/arm-eabi/4.7.4/libgcc.a(pr-support.o)
                              /opt/gnat-gpl-2014-arm-eabi/bin/../lib/gcc/arm-eabi/4.7.4/libgcc.a(unwind-arm.o) (__gnu_unwind_execute)
/opt/gnat-gpl-2014-arm-eabi/bin/../lib/gcc/arm-eabi/4.7.4/../../../../arm-eabi/lib/libc.a(lib_a-abort.o)
                              /opt/gnat-gpl-2014-arm-eabi/bin/../lib/gcc/arm-eabi/4.7.4/libgcc.a(unwind-arm.o) (abort)
[...]
Memory Configuration

Name             Origin             Length             Attributes
flash            0x0000000008000000 0x0000000000200000 xr
ccmram           0x0000000010000000 0x0000000000010000 rw
sram             0x0000000020000000 0x0000000000030000 xrw
*default*        0x0000000000000000 0xffffffffffffffff

Linker script and memory map

LOAD ada_delay.o
LOAD b__ada_delay.o
LOAD /Users/simon/gnat-runtimes/demo_stm32f429i-disco-bsp/.build/stm32f429i_discovery.o
LOAD /Users/simon/gnat-runtimes/demo_stm32f429i-disco-bsp/.build/stm32f429i_discovery-hal.o
LOAD /Users/simon/gnat-runtimes/demo_stm32f429i-disco-bsp/.build/clocking.o
LOAD /Users/simon/gnat-runtimes/demo_stm32f429i-disco-bsp/.build/stm32f429i_discovery-buttons.o
LOAD /Users/simon/gnat-runtimes/demo_stm32f429i-disco-bsp/.build/stm32f429i_discovery-leds.o
LOAD /Users/simon/gnat-runtimes/stm32f429i-disco-bsp//adalib/libgnat.a
LOAD /Users/simon/gnat-runtimes/stm32f429i-disco-bsp//adalib/libbsp.a
LOAD /opt/gnat-gpl-2014-arm-eabi/bin/../lib/gcc/arm-eabi/4.7.4/libgcc.a

.isr_vector     0x0000000008000000      0x1ac
                0x0000000008000000                . = ALIGN (0x4)
 *(.isr_vector)
 .isr_vector    0x0000000008000000      0x1ac /Users/simon/gnat-runtimes/stm32f429i-disco-bsp//adalib/libbsp.a(startup_stm32f429xx.o)
                0x0000000008000000                g_pfnVectors

.text           0x00000000080001ac    0x158d0
                0x00000000080001ac                . = ALIGN (0x4)
 *(.text)
 .text          0x00000000080001ac       0x9c ada_delay.o
                0x00000000080001ac                _ada_ada_delay
 .text          0x0000000008000248       0x6c b__ada_delay.o
                0x0000000008000248                adainit
                0x0000000008000290                main
 .text          0x00000000080002b4        0x0 /Users/simon/gnat-runtimes/demo_stm32f429i-disco-bsp/.build/stm32f429i_discovery.o
 .text          0x00000000080002b4       0x10 /Users/simon/gnat-runtimes/demo_stm32f429i-disco-bsp/.build/stm32f429i_discovery-hal.o
                0x00000000080002b4                stm32f429i_discovery__hal__initialize
 .text          0x00000000080002c4       0xc0 /Users/simon/gnat-runtimes/demo_stm32f429i-disco-bsp/.build/clocking.o
                0x00000000080002c4                HAL_SYSTICK_Callback
 .text          0x0000000008000384       0x44 /Users/simon/gnat-runtimes/demo_stm32f429i-disco-bsp/.build/stm32f429i_discovery-buttons.o
                0x0000000008000384                stm32f429i_discovery__buttons__initialize
                0x0000000008000398                stm32f429i_discovery__buttons(long double *,...)(short, short,...)(double)
                0x00000000080003b8                EXTI0_IRQHandler
 .text          0x00000000080003c8       0x90 /Users/simon/gnat-runtimes/demo_stm32f429i-disco-bsp/.build/stm32f429i_discovery-leds.o
                0x00000000080003c8                stm32f429i_discovery__leds__initialize
                0x00000000080003e0                stm32f429i_discovery__leds__set
                0x0000000008000408                stm32f429i_discovery__leds__clear
                0x0000000008000430                stm32f429i_discovery__leds__toggle
 .text          0x0000000008000458      0xdac /Users/simon/gnat-runtimes/stm32f429i-disco-bsp//adalib/libbsp.a(stm32f429i_discovery.o)
                0x0000000008000458                BSP_GetVersion
                0x0000000008000470                BSP_LED_Init
                0x0000000008000520                BSP_LED_On
                0x000000000800055c                BSP_LED_Off
                0x0000000008000598                BSP_LED_Toggle
                0x00000000080005d0                BSP_PB_Init
                0x00000000080006b4                BSP_PB_GetState
                0x0000000008000d10                LCD_IO_Init
                0x0000000008000e2c                LCD_IO_WriteData
                0x0000000008000e84                LCD_IO_WriteReg
                0x0000000008000edc                LCD_IO_ReadData
                0x0000000008000f60                LCD_Delay
                0x0000000008000f78                IOE_Init
                0x0000000008000f84                IOE_ITConfig
                0x0000000008000f90                IOE_Write
                0x0000000008000fbc                IOE_Read
                0x0000000008000fe4                IOE_WriteMultiple
                0x0000000008001010                IOE_ReadMultiple
                0x0000000008001040                IOE_Delay
                0x0000000008001058                GYRO_IO_Init
                0x0000000008001104                GYRO_IO_Write
                0x000000000800117c                GYRO_IO_Read
 .text          0x0000000008001204        0xc /Users/simon/gnat-runtimes/stm32f429i-disco-bsp//adalib/libbsp.a(_init.o)
                0x0000000008001204                _init
 .text          0x0000000008001210       0xd0 /Users/simon/gnat-runtimes/stm32f429i-disco-bsp//adalib/libbsp.a(bsp_configure_system_clock.o)
                0x0000000008001210                _bsp_configure_system_clock
 .text          0x00000000080012e0      0x298 /Users/simon/gnat-runtimes/stm32f429i-disco-bsp//adalib/libbsp.a(syscalls.o)
                0x00000000080012e0                _getpid
                0x00000000080012f4                _kill
                0x000000000800131c                _exit
                0x0000000008001330                _read
                0x0000000008001364                _write
                0x0000000008001398                _sbrk
                0x00000000080013bc                _close
                0x00000000080013e0                _fstat
                0x0000000008001408                _isatty
                0x0000000008001424                _lseek
                0x000000000800144c                _open
                0x0000000008001478                _wait
                0x000000000800149c                _unlink
                0x00000000080014c0                _times
                0x00000000080014e4                _stat
                0x000000000800150c                _link
                0x0000000008001534                _fork
                0x0000000008001550                _execve
 .text          0x0000000008001578       0x14 /Users/simon/gnat-runtimes/stm32f429i-disco-bsp//adalib/libbsp.a(startup_stm32f429xx.o)
 .text          0x000000000800158c      0x3a8 /Users/simon/gnat-runtimes/stm32f429i-disco-bsp//adalib/libbsp.a(stm32f4xx_hal.o)
                0x000000000800158c                HAL_Init
                0x00000000080015f8                HAL_DeInit
                0x0000000008001698                HAL_MspInit
                0x00000000080016a4                HAL_MspDeInit
                0x00000000080016b0                HAL_InitTick
                0x00000000080016f4                HAL_IncTick
                0x0000000008001718                HAL_GetTick
                0x0000000008001730                HAL_Delay
                0x0000000008001760                HAL_SuspendTick
                0x0000000008001784                HAL_ResumeTick
                0x00000000080017a8                HAL_GetHalVersion
                0x00000000080017c0                HAL_GetREVID
                0x00000000080017dc                HAL_GetDEVID
                0x00000000080017fc                HAL_EnableDBGSleepMode
                0x0000000008001820                HAL_DisableDBGSleepMode
                0x0000000008001844                HAL_EnableDBGStopMode
                0x0000000008001868                HAL_DisableDBGStopMode
                0x000000000800188c                HAL_EnableDBGStandbyMode
                0x00000000080018b0                HAL_DisableDBGStandbyMode
                0x00000000080018d4                HAL_EnableCompensationCell
                0x00000000080018ec                HAL_DisableCompensationCell
                0x0000000008001904                HAL_EnableMemorySwappingBank
                0x000000000800191c                HAL_DisableMemorySwappingBank
 .text          0x0000000008001934      0x614 /Users/simon/gnat-runtimes/stm32f429i-disco-bsp//adalib/libbsp.a(stm32f4xx_hal_cortex.o)
                0x0000000008001d70                HAL_NVIC_SetPriorityGrouping
                0x0000000008001d88                HAL_NVIC_SetPriority
                0x0000000008001dc4                HAL_NVIC_EnableIRQ
                0x0000000008001de0                HAL_NVIC_DisableIRQ
                0x0000000008001dfc                HAL_NVIC_SystemReset
                0x0000000008001e08                HAL_SYSTICK_Config
                0x0000000008001e24                HAL_NVIC_GetPriorityGrouping
                0x0000000008001e34                HAL_NVIC_GetPriority
                0x0000000008001e64                HAL_NVIC_SetPendingIRQ
                0x0000000008001e80                HAL_NVIC_GetPendingIRQ
                0x0000000008001ea4                HAL_NVIC_ClearPendingIRQ
                0x0000000008001ec0                HAL_NVIC_GetActive
                0x0000000008001ee4                HAL_SYSTICK_CLKSourceConfig
                0x0000000008001f30                HAL_SYSTICK_IRQHandler
 .text          0x0000000008001f48      0x6e4 /Users/simon/gnat-runtimes/stm32f429i-disco-bsp//adalib/libbsp.a(stm32f4xx_hal_gpio.o)
                0x0000000008001f48                HAL_GPIO_Init
                0x0000000008002344                HAL_GPIO_DeInit
                0x00000000080024fc                HAL_GPIO_ReadPin
                0x0000000008002534                HAL_GPIO_WritePin
                0x0000000008002564                HAL_GPIO_TogglePin
                0x0000000008002588                HAL_GPIO_LockPin
                0x00000000080025e0                HAL_GPIO_EXTI_IRQHandler
                0x0000000008002618                HAL_GPIO_EXTI_Callback
 .text          0x000000000800262c     0x37e0 /Users/simon/gnat-runtimes/stm32f429i-disco-bsp//adalib/libbsp.a(stm32f4xx_hal_i2c.o)
                0x000000000800262c                HAL_I2C_Init
                0x0000000008002820                HAL_I2C_DeInit
                0x0000000008002884                HAL_I2C_MspInit
                0x0000000008002898                HAL_I2C_MspDeInit
                0x00000000080028ac                HAL_I2C_Master_Transmit
                0x0000000008002a54                HAL_I2C_Master_Receive
                0x0000000008002dc4                HAL_I2C_Slave_Transmit
                0x0000000008002f9c                HAL_I2C_Slave_Receive
                0x0000000008003150                HAL_I2C_Master_Transmit_IT
                0x0000000008003250                HAL_I2C_Master_Receive_IT
                0x00000000080033d0                HAL_I2C_Slave_Transmit_IT
                0x0000000008003494                HAL_I2C_Slave_Receive_IT
                0x0000000008003558                HAL_I2C_Master_Transmit_DMA
                0x000000000800368c                HAL_I2C_Master_Receive_DMA
                0x00000000080037e8                HAL_I2C_Slave_Transmit_DMA
                0x0000000008003950                HAL_I2C_Slave_Receive_DMA
                0x0000000008003a70                HAL_I2C_Mem_Write
                0x0000000008003c10                HAL_I2C_Mem_Read
                0x0000000008003f74                HAL_I2C_Mem_Write_IT
                0x0000000008004068                HAL_I2C_Mem_Read_IT
                0x00000000080041ec                HAL_I2C_Mem_Write_DMA
                0x0000000008004314                HAL_I2C_Mem_Read_DMA
                0x0000000008004470                HAL_I2C_IsDeviceReady
                0x00000000080046bc                HAL_I2C_EV_IRQHandler
                0x00000000080049b4                HAL_I2C_ER_IRQHandler
                0x0000000008004b8c                HAL_I2C_MasterTxCpltCallback
                0x0000000008004ba0                HAL_I2C_MasterRxCpltCallback
                0x0000000008004bb4                HAL_I2C_SlaveTxCpltCallback
                0x0000000008004bc8                HAL_I2C_SlaveRxCpltCallback
                0x0000000008004bdc                HAL_I2C_MemTxCpltCallback
                0x0000000008004bf0                HAL_I2C_MemRxCpltCallback
                0x0000000008004c04                HAL_I2C_ErrorCallback
                0x0000000008004c18                HAL_I2C_GetState
                0x0000000008004c38                HAL_I2C_GetError
 .text          0x0000000008005e0c      0x354 /Users/simon/gnat-runtimes/stm32f429i-disco-bsp//adalib/libbsp.a(stm32f4xx_hal_pwr_ex.o)
                0x0000000008005e0c                HAL_PWREx_EnableBkUpReg
                0x0000000008005e68                HAL_PWREx_DisableBkUpReg
                0x0000000008005ec4                HAL_PWREx_EnableFlashPowerDown
                0x0000000008005edc                HAL_PWREx_DisableFlashPowerDown
                0x0000000008005ef4                HAL_PWREx_ActivateOverDrive
                0x0000000008005fa4                HAL_PWREx_DeactivateOverDrive
                0x0000000008006054                HAL_PWREx_EnterUnderDriveSTOPMode
 .text          0x0000000008006160     0x10b0 /Users/simon/gnat-runtimes/stm32f429i-disco-bsp//adalib/libbsp.a(stm32f4xx_hal_rcc.o)
                0x0000000008006160                HAL_RCC_DeInit
                0x0000000008006230                HAL_RCC_OscConfig
                0x0000000008006814                HAL_RCC_ClockConfig
                0x0000000008006b94                HAL_RCC_MCOConfig
                0x0000000008006c84                HAL_RCC_EnableCSS
                0x0000000008006c9c                HAL_RCC_DisableCSS
                0x0000000008006cb4                HAL_RCC_GetSysClockFreq
                0x0000000008006e3c                HAL_RCC_GetHCLKFreq
                0x0000000008006ea8                HAL_RCC_GetPCLK1Freq
                0x0000000008006f00                HAL_RCC_GetPCLK2Freq
                0x0000000008006f58                HAL_RCC_GetOscConfig
                0x000000000800715c                HAL_RCC_GetClockConfig
                0x00000000080071d8                HAL_RCC_NMI_IRQHandler
                0x0000000008007204                HAL_RCC_CCSCallback
 .text          0x0000000008007210     0x2298 /Users/simon/gnat-runtimes/stm32f429i-disco-bsp//adalib/libbsp.a(stm32f4xx_hal_spi.o)
                0x0000000008007210                HAL_SPI_Init
                0x00000000080072e4                HAL_SPI_DeInit
                0x000000000800733c                HAL_SPI_MspInit
                0x0000000008007350                HAL_SPI_MspDeInit
                0x0000000008007364                HAL_SPI_Transmit
                0x0000000008007638                HAL_SPI_Receive
                0x00000000080079a4                HAL_SPI_TransmitReceive
                0x0000000008007efc                HAL_SPI_Transmit_IT
                0x000000000800803c                HAL_SPI_Receive_IT
                0x0000000008008190                HAL_SPI_TransmitReceive_IT
                0x00000000080082d8                HAL_SPI_Transmit_DMA
                0x0000000008008440                HAL_SPI_Receive_DMA
                0x00000000080085d4                HAL_SPI_TransmitReceive_DMA
                0x00000000080087c8                HAL_SPI_DMAPause
                0x0000000008008828                HAL_SPI_DMAResume
                0x0000000008008888                HAL_SPI_DMAStop
                0x00000000080088f0                HAL_SPI_IRQHandler
                0x0000000008008aa4                HAL_SPI_TxCpltCallback
                0x0000000008008ab8                HAL_SPI_RxCpltCallback
                0x0000000008008acc                HAL_SPI_TxRxCpltCallback
                0x0000000008008ae0                HAL_SPI_TxHalfCpltCallback
                0x0000000008008af4                HAL_SPI_RxHalfCpltCallback
                0x0000000008008b08                HAL_SPI_TxRxHalfCpltCallback
                0x0000000008008b1c                HAL_SPI_ErrorCallback
                0x0000000008008b30                HAL_SPI_GetState
                0x0000000008008b50                HAL_SPI_GetError
 .text          0x00000000080094a8      0x330 /Users/simon/gnat-runtimes/stm32f429i-disco-bsp//adalib/libbsp.a(stm32f4xx_it.o)
                0x00000000080094a8                NMI_Handler
                0x00000000080094b4                HardFault_Handler
                0x00000000080094bc                MemManage_Handler
                0x00000000080094c4                BusFault_Handler
                0x00000000080094cc                UsageFault_Handler
                0x00000000080094d4                SVC_Handler
                0x00000000080094e0                DebugMon_Handler
                0x00000000080094ec                PendSV_Handler
                0x00000000080094f8                SysTick_Handler
                0x0000000008009508                WWDG_IRQHandler
                0x0000000008009510                PVD_IRQHandler
                0x0000000008009518                TAMP_STAMP_IRQHandler
                0x0000000008009520                RTC_WKUP_IRQHandler
                0x0000000008009528                FLASH_IRQHandler
                0x0000000008009530                RCC_IRQHandler
                0x0000000008009540                EXTI1_IRQHandler
                0x0000000008009548                EXTI2_IRQHandler
                0x0000000008009550                EXTI3_IRQHandler
                0x0000000008009558                EXTI4_IRQHandler
                0x0000000008009560                DMA1_Stream0_IRQHandler
                0x0000000008009568                DMA1_Stream1_IRQHandler
                0x0000000008009570                DMA1_Stream2_IRQHandler
                0x0000000008009578                DMA1_Stream3_IRQHandler
                0x0000000008009580                DMA1_Stream4_IRQHandler
                0x0000000008009588                DMA1_Stream5_IRQHandler
                0x0000000008009590                DMA1_Stream6_IRQHandler
                0x0000000008009598                ADC_IRQHandler
                0x00000000080095a0                CAN1_TX_IRQHandler
                0x00000000080095a8                CAN1_RX0_IRQHandler
                0x00000000080095b0                CAN1_RX1_IRQHandler
                0x00000000080095b8                CAN1_SCE_IRQHandler
                0x00000000080095c0                EXTI9_5_IRQHandler
                0x00000000080095c8                TIM1_BRK_TIM9_IRQHandler
                0x00000000080095d0                TIM1_UP_TIM10_IRQHandler
                0x00000000080095d8                TIM1_TRG_COM_TIM11_IRQHandler
                0x00000000080095e0                TIM1_CC_IRQHandler
                0x00000000080095e8                TIM2_IRQHandler
                0x00000000080095f0                TIM3_IRQHandler
                0x00000000080095f8                TIM4_IRQHandler
                0x0000000008009600                I2C1_EV_IRQHandler
                0x0000000008009608                I2C1_ER_IRQHandler
                0x0000000008009610                I2C2_EV_IRQHandler
                0x0000000008009618                I2C2_ER_IRQHandler
                0x0000000008009620                SPI1_IRQHandler
                0x0000000008009628                SPI2_IRQHandler
                0x0000000008009630                USART1_IRQHandler
                0x0000000008009638                USART2_IRQHandler
                0x0000000008009640                USART3_IRQHandler
                0x0000000008009648                EXTI15_10_IRQHandler
                0x0000000008009650                RTC_Alarm_IRQHandler
                0x0000000008009658                OTG_FS_WKUP_IRQHandler
                0x0000000008009660                TIM8_BRK_TIM12_IRQHandler
                0x0000000008009668                TIM8_UP_TIM13_IRQHandler
                0x0000000008009670                TIM8_TRG_COM_TIM14_IRQHandler
                0x0000000008009678                TIM8_CC_IRQHandler
                0x0000000008009680                DMA1_Stream7_IRQHandler
                0x0000000008009688                FMC_IRQHandler
                0x0000000008009690                SDIO_IRQHandler
                0x0000000008009698                TIM5_IRQHandler
                0x00000000080096a0                SPI3_IRQHandler
                0x00000000080096a8                UART4_IRQHandler
                0x00000000080096b0                UART5_IRQHandler
                0x00000000080096b8                TIM6_DAC_IRQHandler
                0x00000000080096c0                TIM7_IRQHandler
                0x00000000080096c8                DMA2_Stream0_IRQHandler
                0x00000000080096d0                DMA2_Stream1_IRQHandler
                0x00000000080096d8                DMA2_Stream2_IRQHandler
                0x00000000080096e0                DMA2_Stream3_IRQHandler
                0x00000000080096e8                DMA2_Stream4_IRQHandler
                0x00000000080096f0                ETH_IRQHandler
                0x00000000080096f8                ETH_WKUP_IRQHandler
                0x0000000008009700                CAN2_TX_IRQHandler
                0x0000000008009708                CAN2_RX0_IRQHandler
                0x0000000008009710                CAN2_RX1_IRQHandler
                0x0000000008009718                CAN2_SCE_IRQHandler
                0x0000000008009720                OTG_FS_IRQHandler
                0x0000000008009728                DMA2_Stream5_IRQHandler
                0x0000000008009730                DMA2_Stream6_IRQHandler
                0x0000000008009738                DMA2_Stream7_IRQHandler
                0x0000000008009740                USART6_IRQHandler
                0x0000000008009748                I2C3_EV_IRQHandler
                0x0000000008009750                I2C3_ER_IRQHandler
                0x0000000008009758                OTG_HS_EP1_OUT_IRQHandler
                0x0000000008009760                OTG_HS_EP1_IN_IRQHandler
                0x0000000008009768                OTG_HS_WKUP_IRQHandler
                0x0000000008009770                OTG_HS_IRQHandler
                0x0000000008009778                DCMI_IRQHandler
                0x0000000008009780                HASH_RNG_IRQHandler
                0x0000000008009788                FPU_IRQHandler
                0x0000000008009790                UART7_IRQHandler
                0x0000000008009798                UART8_IRQHandler
                0x00000000080097a0                SPI4_IRQHandler
                0x00000000080097a8                SPI5_IRQHandler
                0x00000000080097b0                SPI6_IRQHandler
                0x00000000080097b8                SAI1_IRQHandler
                0x00000000080097c0                LTDC_IRQHandler
                0x00000000080097c8                LTDC_ER_IRQHandler
                0x00000000080097d0                DMA2D_IRQHandler
 .text          0x00000000080097d8      0x220 /Users/simon/gnat-runtimes/stm32f429i-disco-bsp//adalib/libbsp.a(system_stm32f4xx.o)
                0x00000000080097d8                SystemInit
                0x0000000008009888                SystemCoreClockUpdate
 .text          0x00000000080099f8     0x9f90 /Users/simon/gnat-runtimes/stm32f429i-disco-bsp//adalib/libbsp.a(stm32f4xx_hal_dma.o)
                0x00000000080099f8                HAL_DMA_Init
                0x0000000008009ae0                HAL_DMA_DeInit
                0x000000000800b510                HAL_DMA_Start
                0x000000000800b580                HAL_DMA_Start_IT
                0x000000000800b640                HAL_DMA_Abort
                0x000000000800b6d0                HAL_DMA_PollForTransfer
                0x000000000800f89c                HAL_DMA_IRQHandler
                0x0000000008013900                HAL_DMA_GetState
                0x0000000008013920                HAL_DMA_GetError
 .text          0x0000000008013988       0x2c /opt/gnat-gpl-2014-arm-eabi/bin/../lib/gcc/arm-eabi/4.7.4/libgcc.a(_aeabi_uldivmod.o)
                0x0000000008013988                __aeabi_uldivmod
 .text          0x00000000080139b4       0x58 /opt/gnat-gpl-2014-arm-eabi/bin/../lib/gcc/arm-eabi/4.7.4/libgcc.a(bpabi.o)
                0x00000000080139b4                __gnu_ldivmod_helper
                0x00000000080139e0                __gnu_uldivmod_helper
 .text          0x0000000008013a0c        0x4 /opt/gnat-gpl-2014-arm-eabi/bin/../lib/gcc/arm-eabi/4.7.4/libgcc.a(_dvmd_tls.o)
                0x0000000008013a0c                __aeabi_ldiv0
                0x0000000008013a0c                __aeabi_idiv0
 .text          0x0000000008013a10      0x2d8 /opt/gnat-gpl-2014-arm-eabi/bin/../lib/gcc/arm-eabi/4.7.4/libgcc.a(_divdi3.o)
                0x0000000008013a10                __divdi3
 .text          0x0000000008013ce8      0x29c /opt/gnat-gpl-2014-arm-eabi/bin/../lib/gcc/arm-eabi/4.7.4/libgcc.a(_udivdi3.o)
                0x0000000008013ce8                __udivdi3
 .text          0x0000000008013f84      0x9e4 /opt/gnat-gpl-2014-arm-eabi/bin/../lib/gcc/arm-eabi/4.7.4/libgcc.a(unwind-arm.o)
                0x0000000008014244                _Unwind_GetCFA
                0x0000000008014248                __gnu_Unwind_RaiseException
                0x00000000080142a8                __gnu_Unwind_ForcedUnwind
                0x00000000080142bc                __gnu_Unwind_Resume
                0x0000000008014300                __gnu_Unwind_Resume_or_Rethrow
                0x0000000008014318                _Unwind_Complete
                0x000000000801431c                _Unwind_DeleteException
                0x000000000801432c                _Unwind_VRS_Get
                0x0000000008014374                _Unwind_VRS_Set
                0x0000000008014688                __aeabi_unwind_cpp_pr2
                0x000000000801468c                __aeabi_unwind_cpp_pr1
                0x0000000008014690                __aeabi_unwind_cpp_pr0
                0x0000000008014694                __gnu_Unwind_Backtrace
                0x0000000008014704                _Unwind_VRS_Pop
 .text          0x0000000008014968      0x1ac /opt/gnat-gpl-2014-arm-eabi/bin/../lib/gcc/arm-eabi/4.7.4/libgcc.a(libunwind.o)
                0x0000000008014968                __restore_core_regs
                0x0000000008014968                restore_core_regs
                0x0000000008014980                __gnu_Unwind_Restore_VFP
                0x0000000008014988                __gnu_Unwind_Save_VFP
                0x0000000008014990                __gnu_Unwind_Restore_VFP_D
                0x0000000008014998                __gnu_Unwind_Save_VFP_D
                0x00000000080149a0                __gnu_Unwind_Restore_VFP_D_16_to_31
                0x00000000080149a8                __gnu_Unwind_Save_VFP_D_16_to_31
                0x00000000080149b0                __gnu_Unwind_Restore_WMMXD
                0x00000000080149f4                __gnu_Unwind_Save_WMMXD
                0x0000000008014a38                __gnu_Unwind_Restore_WMMXC
                0x0000000008014a4c                __gnu_Unwind_Save_WMMXC
                0x0000000008014a60                _Unwind_RaiseException
                0x0000000008014a60                ___Unwind_RaiseException
                0x0000000008014a84                ___Unwind_Resume
                0x0000000008014a84                _Unwind_Resume
                0x0000000008014aa8                ___Unwind_Resume_or_Rethrow
                0x0000000008014aa8                _Unwind_Resume_or_Rethrow
                0x0000000008014acc                _Unwind_ForcedUnwind
                0x0000000008014acc                ___Unwind_ForcedUnwind
                0x0000000008014af0                _Unwind_Backtrace
                0x0000000008014af0                ___Unwind_Backtrace
 .text          0x0000000008014b14      0x3a0 /opt/gnat-gpl-2014-arm-eabi/bin/../lib/gcc/arm-eabi/4.7.4/libgcc.a(pr-support.o)
                0x0000000008014b60                __gnu_unwind_execute
                0x0000000008014e5c                __gnu_unwind_frame
                0x0000000008014e84                _Unwind_GetRegionStart
                0x0000000008014e90                _Unwind_GetLanguageSpecificData
                0x0000000008014ea4                _Unwind_GetDataRelBase
                0x0000000008014eac                _Unwind_GetTextRelBase
 .text          0x0000000008014eb4       0x10 /opt/gnat-gpl-2014-arm-eabi/bin/../lib/gcc/arm-eabi/4.7.4/../../../../arm-eabi/lib/libc.a(lib_a-abort.o)
                0x0000000008014eb4                abort
 .text          0x0000000008014ec4        0xc /opt/gnat-gpl-2014-arm-eabi/bin/../lib/gcc/arm-eabi/4.7.4/../../../../arm-eabi/lib/libc.a(lib_a-errno.o)
                0x0000000008014ec4                __errno
 .text          0x0000000008014ed0        0x0 /opt/gnat-gpl-2014-arm-eabi/bin/../lib/gcc/arm-eabi/4.7.4/../../../../arm-eabi/lib/libc.a(lib_a-impure.o)
 .text          0x0000000008014ed0       0x50 /opt/gnat-gpl-2014-arm-eabi/bin/../lib/gcc/arm-eabi/4.7.4/../../../../arm-eabi/lib/libc.a(lib_a-init.o)
                0x0000000008014ed0                __libc_init_array
 .text          0x0000000008014f20      0x134 /opt/gnat-gpl-2014-arm-eabi/bin/../lib/gcc/arm-eabi/4.7.4/../../../../arm-eabi/lib/libc.a(lib_a-memcpy.o)
                0x0000000008014f20                memcpy
 .text          0x0000000008015054      0x168 /opt/gnat-gpl-2014-arm-eabi/bin/../lib/gcc/arm-eabi/4.7.4/../../../../arm-eabi/lib/libc.a(lib_a-signal.o)
                0x0000000008015054                _init_signal_r
                0x000000000801508c                _signal_r
                0x00000000080150cc                _raise_r
                0x0000000008015124                __sigtramp_r
                0x0000000008015174                raise
                0x0000000008015184                signal
                0x000000000801519c                _init_signal
                0x00000000080151ac                __sigtramp
 .text          0x00000000080151bc       0x2c /opt/gnat-gpl-2014-arm-eabi/bin/../lib/gcc/arm-eabi/4.7.4/../../../../arm-eabi/lib/libc.a(lib_a-signalr.o)
                0x00000000080151bc                _kill_r
                0x00000000080151e4                _getpid_r
 .text          0x00000000080151e8      0x554 /opt/gnat-gpl-2014-arm-eabi/bin/../lib/gcc/arm-eabi/4.7.4/../../../../arm-eabi/lib/libc.a(lib_a-mallocr.o)
                0x00000000080151e8                _malloc_r
 .text          0x000000000801573c        0x8 /opt/gnat-gpl-2014-arm-eabi/bin/../lib/gcc/arm-eabi/4.7.4/../../../../arm-eabi/lib/libc.a(lib_a-mlock.o)
                0x000000000801573c                __malloc_lock
                0x0000000008015740                __malloc_unlock
 .text          0x0000000008015744       0xa8 /opt/gnat-gpl-2014-arm-eabi/bin/../lib/gcc/arm-eabi/4.7.4/../../../../arm-eabi/lib/libc.a(lib_a-reent.o)
                0x0000000008015744                cleanup_glue
                0x0000000008015760                _reclaim_reent
 .text          0x00000000080157ec       0x24 /opt/gnat-gpl-2014-arm-eabi/bin/../lib/gcc/arm-eabi/4.7.4/../../../../arm-eabi/lib/libc.a(lib_a-sbrkr.o)
                0x00000000080157ec                _sbrk_r
 .text          0x0000000008015810      0x218 /opt/gnat-gpl-2014-arm-eabi/bin/../lib/gcc/arm-eabi/4.7.4/../../../../arm-eabi/lib/libc.a(lib_a-freer.o)
                0x0000000008015810                _malloc_trim_r
                0x00000000080158a8                _free_r
 *(.text.*)
 .text.Reset_Handler
                0x0000000008015a28       0x50 /Users/simon/gnat-runtimes/stm32f429i-disco-bsp//adalib/libbsp.a(startup_stm32f429xx.o)
                0x0000000008015a28                Reset_Handler
 .text.Default_Handler
                0x0000000008015a78        0x2 /Users/simon/gnat-runtimes/stm32f429i-disco-bsp//adalib/libbsp.a(startup_stm32f429xx.o)
                0x0000000008015a78                Default_Handler
 *(.gnu.linkonce.t.*)
 *(.glue_7)
 .glue_7        0x0000000000000000        0x0 linker stubs
 *(.glue_7t)
 .glue_7t       0x0000000000000000        0x0 linker stubs
 *(.gcc_except_table)
 *(.gnu.linkonce.r.*)
 *(.eh_frame)
 *(.init)
 *(.fini)
                0x0000000008015a7c                . = ALIGN (0x4)
 *fill*         0x0000000008015a7a        0x2 
                0x0000000008015a7c                _etext = .

.vfp11_veneer   0x0000000008015a7c        0x0
 .vfp11_veneer  0x0000000000000000        0x0 linker stubs

.v4_bx          0x0000000008015a7c        0x0
 .v4_bx         0x0000000000000000        0x0 linker stubs

.iplt           0x0000000008015a7c        0x0
 .iplt          0x0000000000000000        0x0 ada_delay.o

.rodata         0x0000000008015a7c       0x8c
                0x0000000008015a7c                . = ALIGN (0x4)
 *(.rodata)
 .rodata        0x0000000008015a7c        0x4 ada_delay.o
 .rodata        0x0000000008015a80       0x60 b__ada_delay.o
                0x0000000008015a80                __gnat_version
                0x0000000008015aa4                __gnat_ada_main_program_name
                0x0000000008015ab4                ada_delayB
                0x0000000008015ab8                clockingB
                0x0000000008015abc                clockingS
                0x0000000008015ac0                interfacesS
                0x0000000008015ac4                stm32f429i_discoveryS
                0x0000000008015ac8                stm32f429i_discovery__buttonsB
                0x0000000008015acc                stm32f429i_discovery__buttonsS
                0x0000000008015ad0                stm32f429i_discovery__halB
                0x0000000008015ad4                stm32f429i_discovery__halS
                0x0000000008015ad8                stm32f429i_discovery__ledsB
                0x0000000008015adc                stm32f429i_discovery(long,...)(double, short, signed)
 .rodata        0x0000000008015ae0        0x4 /Users/simon/gnat-runtimes/demo_stm32f429i-disco-bsp/.build/stm32f429i_discovery-leds.o
 .rodata        0x0000000008015ae4        0xc /Users/simon/gnat-runtimes/stm32f429i-disco-bsp//adalib/libbsp.a(stm32f429i_discovery.o)
                0x0000000008015ae4                GPIO_PIN
                0x0000000008015ae8                BUTTON_PIN
                0x0000000008015aec                BUTTON_IRQn
 .rodata        0x0000000008015af0       0x10 /Users/simon/gnat-runtimes/stm32f429i-disco-bsp//adalib/libbsp.a(stm32f4xx_hal_rcc.o)
                0x0000000008015af0                APBAHBPrescTable
 .rodata        0x0000000008015b00        0x4 /opt/gnat-gpl-2014-arm-eabi/bin/../lib/gcc/arm-eabi/4.7.4/../../../../arm-eabi/lib/libc.a(lib_a-impure.o)
                0x0000000008015b00                _global_impure_ptr
 *(.rodata.*)
 .rodata.str1.4
                0x0000000008015b04        0x4 /opt/gnat-gpl-2014-arm-eabi/bin/../lib/gcc/arm-eabi/4.7.4/../../../../arm-eabi/lib/libc.a(lib_a-impure.o)
                0x0000000008015b08                . = ALIGN (0x4)

.ARM.extab      0x0000000008015b08       0x30
 *(.ARM.extab*)
 .ARM.extab     0x0000000008015b08        0x0 /opt/gnat-gpl-2014-arm-eabi/bin/../lib/gcc/arm-eabi/4.7.4/libgcc.a(_divdi3.o)
 .ARM.extab     0x0000000008015b08        0x0 /opt/gnat-gpl-2014-arm-eabi/bin/../lib/gcc/arm-eabi/4.7.4/libgcc.a(_udivdi3.o)
 .ARM.extab     0x0000000008015b08       0x18 /opt/gnat-gpl-2014-arm-eabi/bin/../lib/gcc/arm-eabi/4.7.4/libgcc.a(unwind-arm.o)
 .ARM.extab     0x0000000008015b20       0x18 /opt/gnat-gpl-2014-arm-eabi/bin/../lib/gcc/arm-eabi/4.7.4/libgcc.a(pr-support.o)
 *(.gnu.linkonce.armextab.*)

.ARM.exidx      0x0000000008015b38       0xd8
                0x0000000008015b38                __exidx_start = .
 *(.ARM.exidx*)
 .ARM.exidx     0x0000000008015b38        0x8 /opt/gnat-gpl-2014-arm-eabi/bin/../lib/gcc/arm-eabi/4.7.4/libgcc.a(_divdi3.o)
 .ARM.exidx     0x0000000008015b40        0x8 /opt/gnat-gpl-2014-arm-eabi/bin/../lib/gcc/arm-eabi/4.7.4/libgcc.a(_udivdi3.o)
 .ARM.exidx     0x0000000008015b48       0x90 /opt/gnat-gpl-2014-arm-eabi/bin/../lib/gcc/arm-eabi/4.7.4/libgcc.a(unwind-arm.o)
                                         0xd8 (size before relaxing)
 .ARM.exidx     0x0000000008015bd8       0x38 /opt/gnat-gpl-2014-arm-eabi/bin/../lib/gcc/arm-eabi/4.7.4/libgcc.a(pr-support.o)
                                         0x48 (size before relaxing)
                0x0000000008015c10                __exidx_end = .

.rel.dyn        0x0000000008015c10        0x0
 .rel.iplt      0x0000000000000000        0x0 ada_delay.o

.init_array     0x0000000008015c10        0x0
                0x0000000008015c10                PROVIDE (__init_array_start, .)
 *(SORT(.init_array.*))
 *(.init_array*)
                0x0000000008015c10                PROVIDE (__init_array_end, .)

.fini_array     0x0000000008015c10        0x0
                0x0000000008015c10                PROVIDE (__fini_array_start, .)
 *(SORT(.fini_array.*))
 *(.fini_array*)
                0x0000000008015c10                PROVIDE (__fini_array_end, .)
                0x0000000008015c10                _sidata = LOADADDR (.data)

.data           0x0000000020000000      0x888 load address 0x0000000008015c10
                0x0000000020000000                . = ALIGN (0x4)
                0x0000000020000000                _sdata = .
 *(.ramfunc)
 *(.ramfunc.*)
 *(.fastrun)
 *(.fastrun.*)
 *(.data)
 .data          0x0000000020000000        0x0 ada_delay.o
 .data          0x0000000020000000        0x2 b__ada_delay.o
                0x0000000020000000                ada_main_E
 .data          0x0000000020000002        0x2 /Users/simon/gnat-runtimes/demo_stm32f429i-disco-bsp/.build/stm32f429i_discovery.o
                0x0000000020000002                stm32f429i_discovery_E
 .data          0x0000000020000004        0x2 /Users/simon/gnat-runtimes/demo_stm32f429i-disco-bsp/.build/stm32f429i_discovery-hal.o
                0x0000000020000004                stm32f429i_discovery__hal_E
 *fill*         0x0000000020000006        0x2 
 .data          0x0000000020000008       0x10 /Users/simon/gnat-runtimes/demo_stm32f429i-disco-bsp/.build/clocking.o
                0x0000000020000008                clocking_E
                0x000000002000000a                clocking__flag_125
                0x000000002000000b                clocking__flag_250
                0x000000002000000c                clocking__flag_500
 .data          0x0000000020000018        0x2 /Users/simon/gnat-runtimes/demo_stm32f429i-disco-bsp/.build/stm32f429i_discovery-buttons.o
                0x0000000020000018                stm32f429i_discovery__buttons_E
 .data          0x000000002000001a        0x2 /Users/simon/gnat-runtimes/demo_stm32f429i-disco-bsp/.build/stm32f429i_discovery-leds.o
                0x000000002000001a                stm32f429i_discovery__leds_E
 .data          0x000000002000001c       0x14 /Users/simon/gnat-runtimes/stm32f429i-disco-bsp//adalib/libbsp.a(stm32f429i_discovery.o)
                0x000000002000001c                GPIO_PORT
                0x0000000020000024                BUTTON_PORT
                0x0000000020000028                I2cxTimeout
                0x000000002000002c                SpixTimeout
 .data          0x0000000020000030        0x0 /Users/simon/gnat-runtimes/stm32f429i-disco-bsp//adalib/libbsp.a(_init.o)
 .data          0x0000000020000030        0x0 /Users/simon/gnat-runtimes/stm32f429i-disco-bsp//adalib/libbsp.a(bsp_configure_system_clock.o)
 .data          0x0000000020000030        0x0 /Users/simon/gnat-runtimes/stm32f429i-disco-bsp//adalib/libbsp.a(syscalls.o)
 .data          0x0000000020000030        0x0 /Users/simon/gnat-runtimes/stm32f429i-disco-bsp//adalib/libbsp.a(startup_stm32f429xx.o)
 .data          0x0000000020000030        0x0 /Users/simon/gnat-runtimes/stm32f429i-disco-bsp//adalib/libbsp.a(stm32f4xx_hal.o)
 .data          0x0000000020000030        0x0 /Users/simon/gnat-runtimes/stm32f429i-disco-bsp//adalib/libbsp.a(stm32f4xx_hal_cortex.o)
 .data          0x0000000020000030        0x0 /Users/simon/gnat-runtimes/stm32f429i-disco-bsp//adalib/libbsp.a(stm32f4xx_hal_gpio.o)
 .data          0x0000000020000030        0x0 /Users/simon/gnat-runtimes/stm32f429i-disco-bsp//adalib/libbsp.a(stm32f4xx_hal_i2c.o)
 .data          0x0000000020000030        0x0 /Users/simon/gnat-runtimes/stm32f429i-disco-bsp//adalib/libbsp.a(stm32f4xx_hal_pwr_ex.o)
 .data          0x0000000020000030        0x0 /Users/simon/gnat-runtimes/stm32f429i-disco-bsp//adalib/libbsp.a(stm32f4xx_hal_rcc.o)
 .data          0x0000000020000030        0x0 /Users/simon/gnat-runtimes/stm32f429i-disco-bsp//adalib/libbsp.a(stm32f4xx_hal_spi.o)
 .data          0x0000000020000030        0x0 /Users/simon/gnat-runtimes/stm32f429i-disco-bsp//adalib/libbsp.a(stm32f4xx_it.o)
 .data          0x0000000020000030       0x14 /Users/simon/gnat-runtimes/stm32f429i-disco-bsp//adalib/libbsp.a(system_stm32f4xx.o)
                0x0000000020000030                SystemCoreClock
                0x0000000020000034                AHBPrescTable
 .data          0x0000000020000044        0x0 /Users/simon/gnat-runtimes/stm32f429i-disco-bsp//adalib/libbsp.a(stm32f4xx_hal_dma.o)
 .data          0x0000000020000044        0x0 /opt/gnat-gpl-2014-arm-eabi/bin/../lib/gcc/arm-eabi/4.7.4/libgcc.a(_aeabi_uldivmod.o)
 .data          0x0000000020000044        0x0 /opt/gnat-gpl-2014-arm-eabi/bin/../lib/gcc/arm-eabi/4.7.4/libgcc.a(bpabi.o)
 .data          0x0000000020000044        0x0 /opt/gnat-gpl-2014-arm-eabi/bin/../lib/gcc/arm-eabi/4.7.4/libgcc.a(_dvmd_tls.o)
 .data          0x0000000020000044        0x0 /opt/gnat-gpl-2014-arm-eabi/bin/../lib/gcc/arm-eabi/4.7.4/libgcc.a(_divdi3.o)
 .data          0x0000000020000044        0x0 /opt/gnat-gpl-2014-arm-eabi/bin/../lib/gcc/arm-eabi/4.7.4/libgcc.a(_udivdi3.o)
 .data          0x0000000020000044        0x0 /opt/gnat-gpl-2014-arm-eabi/bin/../lib/gcc/arm-eabi/4.7.4/libgcc.a(unwind-arm.o)
 .data          0x0000000020000044        0x0 /opt/gnat-gpl-2014-arm-eabi/bin/../lib/gcc/arm-eabi/4.7.4/libgcc.a(libunwind.o)
 .data          0x0000000020000044        0x0 /opt/gnat-gpl-2014-arm-eabi/bin/../lib/gcc/arm-eabi/4.7.4/libgcc.a(pr-support.o)
 .data          0x0000000020000044        0x0 /opt/gnat-gpl-2014-arm-eabi/bin/../lib/gcc/arm-eabi/4.7.4/../../../../arm-eabi/lib/libc.a(lib_a-abort.o)
 .data          0x0000000020000044        0x0 /opt/gnat-gpl-2014-arm-eabi/bin/../lib/gcc/arm-eabi/4.7.4/../../../../arm-eabi/lib/libc.a(lib_a-errno.o)
 *fill*         0x0000000020000044        0x4 
 .data          0x0000000020000048      0x430 /opt/gnat-gpl-2014-arm-eabi/bin/../lib/gcc/arm-eabi/4.7.4/../../../../arm-eabi/lib/libc.a(lib_a-impure.o)
                0x0000000020000048                _impure_ptr
 .data          0x0000000020000478        0x0 /opt/gnat-gpl-2014-arm-eabi/bin/../lib/gcc/arm-eabi/4.7.4/../../../../arm-eabi/lib/libc.a(lib_a-init.o)
 .data          0x0000000020000478        0x0 /opt/gnat-gpl-2014-arm-eabi/bin/../lib/gcc/arm-eabi/4.7.4/../../../../arm-eabi/lib/libc.a(lib_a-memcpy.o)
 .data          0x0000000020000478        0x0 /opt/gnat-gpl-2014-arm-eabi/bin/../lib/gcc/arm-eabi/4.7.4/../../../../arm-eabi/lib/libc.a(lib_a-signal.o)
 .data          0x0000000020000478        0x0 /opt/gnat-gpl-2014-arm-eabi/bin/../lib/gcc/arm-eabi/4.7.4/../../../../arm-eabi/lib/libc.a(lib_a-signalr.o)
 .data          0x0000000020000478      0x410 /opt/gnat-gpl-2014-arm-eabi/bin/../lib/gcc/arm-eabi/4.7.4/../../../../arm-eabi/lib/libc.a(lib_a-mallocr.o)
                0x0000000020000478                __malloc_av_
                0x0000000020000880                __malloc_sbrk_base
                0x0000000020000884                __malloc_trim_threshold
 .data          0x0000000020000888        0x0 /opt/gnat-gpl-2014-arm-eabi/bin/../lib/gcc/arm-eabi/4.7.4/../../../../arm-eabi/lib/libc.a(lib_a-mlock.o)
 .data          0x0000000020000888        0x0 /opt/gnat-gpl-2014-arm-eabi/bin/../lib/gcc/arm-eabi/4.7.4/../../../../arm-eabi/lib/libc.a(lib_a-reent.o)
 .data          0x0000000020000888        0x0 /opt/gnat-gpl-2014-arm-eabi/bin/../lib/gcc/arm-eabi/4.7.4/../../../../arm-eabi/lib/libc.a(lib_a-sbrkr.o)
 .data          0x0000000020000888        0x0 /opt/gnat-gpl-2014-arm-eabi/bin/../lib/gcc/arm-eabi/4.7.4/../../../../arm-eabi/lib/libc.a(lib_a-freer.o)
 *(.data.*)
 *(.gnu.linkonce.d.*)
                0x0000000020000888                . = ALIGN (0x4)
                0x0000000020000888                _edata = .

.igot.plt       0x0000000020000888        0x0 load address 0x0000000008016498
 .igot.plt      0x0000000000000000        0x0 ada_delay.o

.bss            0x0000000020000888       0xcc load address 0x0000000008016498
                0x0000000020000888                . = ALIGN (0x4)
                0x0000000020000888                _sbss = .
                0x0000000020000888                __bss_start__ = _sbss
 *(.bss)
 .bss           0x0000000020000888        0x0 ada_delay.o
 .bss           0x0000000020000888        0x0 b__ada_delay.o
 .bss           0x0000000020000888        0x0 /Users/simon/gnat-runtimes/demo_stm32f429i-disco-bsp/.build/stm32f429i_discovery.o
 .bss           0x0000000020000888        0x0 /Users/simon/gnat-runtimes/demo_stm32f429i-disco-bsp/.build/stm32f429i_discovery-hal.o
 .bss           0x0000000020000888        0x0 /Users/simon/gnat-runtimes/demo_stm32f429i-disco-bsp/.build/clocking.o
 .bss           0x0000000020000888        0x0 /Users/simon/gnat-runtimes/demo_stm32f429i-disco-bsp/.build/stm32f429i_discovery-buttons.o
 .bss           0x0000000020000888        0x0 /Users/simon/gnat-runtimes/demo_stm32f429i-disco-bsp/.build/stm32f429i_discovery-leds.o
 .bss           0x0000000020000888       0x58 /Users/simon/gnat-runtimes/stm32f429i-disco-bsp//adalib/libbsp.a(stm32f429i_discovery.o)
 .bss           0x00000000200008e0        0x0 /Users/simon/gnat-runtimes/stm32f429i-disco-bsp//adalib/libbsp.a(_init.o)
 .bss           0x00000000200008e0        0x0 /Users/simon/gnat-runtimes/stm32f429i-disco-bsp//adalib/libbsp.a(bsp_configure_system_clock.o)
 .bss           0x00000000200008e0        0x0 /Users/simon/gnat-runtimes/stm32f429i-disco-bsp//adalib/libbsp.a(syscalls.o)
 .bss           0x00000000200008e0        0x0 /Users/simon/gnat-runtimes/stm32f429i-disco-bsp//adalib/libbsp.a(startup_stm32f429xx.o)
 .bss           0x00000000200008e0        0x4 /Users/simon/gnat-runtimes/stm32f429i-disco-bsp//adalib/libbsp.a(stm32f4xx_hal.o)
 .bss           0x00000000200008e4        0x0 /Users/simon/gnat-runtimes/stm32f429i-disco-bsp//adalib/libbsp.a(stm32f4xx_hal_cortex.o)
 .bss           0x00000000200008e4        0x0 /Users/simon/gnat-runtimes/stm32f429i-disco-bsp//adalib/libbsp.a(stm32f4xx_hal_gpio.o)
 .bss           0x00000000200008e4        0x0 /Users/simon/gnat-runtimes/stm32f429i-disco-bsp//adalib/libbsp.a(stm32f4xx_hal_i2c.o)
 .bss           0x00000000200008e4        0x0 /Users/simon/gnat-runtimes/stm32f429i-disco-bsp//adalib/libbsp.a(stm32f4xx_hal_pwr_ex.o)
 .bss           0x00000000200008e4        0x0 /Users/simon/gnat-runtimes/stm32f429i-disco-bsp//adalib/libbsp.a(stm32f4xx_hal_rcc.o)
 .bss           0x00000000200008e4        0x0 /Users/simon/gnat-runtimes/stm32f429i-disco-bsp//adalib/libbsp.a(stm32f4xx_hal_spi.o)
 .bss           0x00000000200008e4        0x0 /Users/simon/gnat-runtimes/stm32f429i-disco-bsp//adalib/libbsp.a(stm32f4xx_it.o)
 .bss           0x00000000200008e4        0x0 /Users/simon/gnat-runtimes/stm32f429i-disco-bsp//adalib/libbsp.a(system_stm32f4xx.o)
 .bss           0x00000000200008e4        0x0 /Users/simon/gnat-runtimes/stm32f429i-disco-bsp//adalib/libbsp.a(stm32f4xx_hal_dma.o)
 .bss           0x00000000200008e4        0x0 /opt/gnat-gpl-2014-arm-eabi/bin/../lib/gcc/arm-eabi/4.7.4/libgcc.a(_aeabi_uldivmod.o)
 .bss           0x00000000200008e4        0x0 /opt/gnat-gpl-2014-arm-eabi/bin/../lib/gcc/arm-eabi/4.7.4/libgcc.a(bpabi.o)
 .bss           0x00000000200008e4        0x0 /opt/gnat-gpl-2014-arm-eabi/bin/../lib/gcc/arm-eabi/4.7.4/libgcc.a(_dvmd_tls.o)
 .bss           0x00000000200008e4        0x0 /opt/gnat-gpl-2014-arm-eabi/bin/../lib/gcc/arm-eabi/4.7.4/libgcc.a(_divdi3.o)
 .bss           0x00000000200008e4        0x0 /opt/gnat-gpl-2014-arm-eabi/bin/../lib/gcc/arm-eabi/4.7.4/libgcc.a(_udivdi3.o)
 .bss           0x00000000200008e4        0x0 /opt/gnat-gpl-2014-arm-eabi/bin/../lib/gcc/arm-eabi/4.7.4/libgcc.a(unwind-arm.o)
 .bss           0x00000000200008e4        0x0 /opt/gnat-gpl-2014-arm-eabi/bin/../lib/gcc/arm-eabi/4.7.4/libgcc.a(libunwind.o)
 .bss           0x00000000200008e4        0x0 /opt/gnat-gpl-2014-arm-eabi/bin/../lib/gcc/arm-eabi/4.7.4/libgcc.a(pr-support.o)
 .bss           0x00000000200008e4        0x0 /opt/gnat-gpl-2014-arm-eabi/bin/../lib/gcc/arm-eabi/4.7.4/../../../../arm-eabi/lib/libc.a(lib_a-abort.o)
 .bss           0x00000000200008e4        0x0 /opt/gnat-gpl-2014-arm-eabi/bin/../lib/gcc/arm-eabi/4.7.4/../../../../arm-eabi/lib/libc.a(lib_a-errno.o)
 .bss           0x00000000200008e4        0x0 /opt/gnat-gpl-2014-arm-eabi/bin/../lib/gcc/arm-eabi/4.7.4/../../../../arm-eabi/lib/libc.a(lib_a-impure.o)
 .bss           0x00000000200008e4        0x0 /opt/gnat-gpl-2014-arm-eabi/bin/../lib/gcc/arm-eabi/4.7.4/../../../../arm-eabi/lib/libc.a(lib_a-init.o)
 .bss           0x00000000200008e4        0x0 /opt/gnat-gpl-2014-arm-eabi/bin/../lib/gcc/arm-eabi/4.7.4/../../../../arm-eabi/lib/libc.a(lib_a-memcpy.o)
 .bss           0x00000000200008e4        0x0 /opt/gnat-gpl-2014-arm-eabi/bin/../lib/gcc/arm-eabi/4.7.4/../../../../arm-eabi/lib/libc.a(lib_a-signal.o)
 .bss           0x00000000200008e4        0x0 /opt/gnat-gpl-2014-arm-eabi/bin/../lib/gcc/arm-eabi/4.7.4/../../../../arm-eabi/lib/libc.a(lib_a-signalr.o)
 .bss           0x00000000200008e4       0x34 /opt/gnat-gpl-2014-arm-eabi/bin/../lib/gcc/arm-eabi/4.7.4/../../../../arm-eabi/lib/libc.a(lib_a-mallocr.o)
                0x00000000200008e4                __malloc_top_pad
                0x00000000200008e8                __malloc_current_mallinfo
                0x0000000020000910                __malloc_max_sbrked_mem
                0x0000000020000914                __malloc_max_total_mem
 .bss           0x0000000020000918        0x0 /opt/gnat-gpl-2014-arm-eabi/bin/../lib/gcc/arm-eabi/4.7.4/../../../../arm-eabi/lib/libc.a(lib_a-mlock.o)
 .bss           0x0000000020000918        0x0 /opt/gnat-gpl-2014-arm-eabi/bin/../lib/gcc/arm-eabi/4.7.4/../../../../arm-eabi/lib/libc.a(lib_a-reent.o)
 .bss           0x0000000020000918        0x0 /opt/gnat-gpl-2014-arm-eabi/bin/../lib/gcc/arm-eabi/4.7.4/../../../../arm-eabi/lib/libc.a(lib_a-sbrkr.o)
 .bss           0x0000000020000918        0x0 /opt/gnat-gpl-2014-arm-eabi/bin/../lib/gcc/arm-eabi/4.7.4/../../../../arm-eabi/lib/libc.a(lib_a-freer.o)
 *(.bss.*)
 *(.gnu.linkonce.b.*)
 *(COMMON)
 COMMON         0x0000000020000918       0x38 /Users/simon/gnat-runtimes/stm32f429i-disco-bsp//adalib/libbsp.a(stm32f429i_discovery.o)
                0x0000000020000918                I2cHandle
 COMMON         0x0000000020000950        0x4 /opt/gnat-gpl-2014-arm-eabi/bin/../lib/gcc/arm-eabi/4.7.4/../../../../arm-eabi/lib/libc.a(lib_a-reent.o)
                0x0000000020000950                errno
                0x0000000020000954                . = ALIGN (0x4)
                0x0000000020000954                _ebss = .
                0x0000000020000954                __bss_end__ = _ebss
                0x0000000020000954                end = .
                0x000000002002ffff                PROVIDE (_estack, 0x2002ffff)

/DISCARD/
 libc.a(*)
 libm.a(*)
 libgcc.a(*)
 libstdc++.a(*)
 *(.note.GNU-stack)
 *(.gnu_debuglink)
 *(.gnu.lto_*)
OUTPUT(/Users/simon/gnat-runtimes/demo_stm32f429i-disco-bsp//ada_delay elf32-littlearm)

.debug_info     0x0000000000000000     0xcea6
 .debug_info    0x0000000000000000      0x15e ada_delay.o
 .debug_info    0x000000000000015e      0x1f9 b__ada_delay.o
 .debug_info    0x0000000000000357       0x37 /Users/simon/gnat-runtimes/demo_stm32f429i-disco-bsp/.build/stm32f429i_discovery-hal.o
 .debug_info    0x000000000000038e       0xaf /Users/simon/gnat-runtimes/demo_stm32f429i-disco-bsp/.build/clocking.o
 .debug_info    0x000000000000043d       0x7e /Users/simon/gnat-runtimes/demo_stm32f429i-disco-bsp/.build/stm32f429i_discovery-buttons.o
 .debug_info    0x00000000000004bb      0x14c /Users/simon/gnat-runtimes/demo_stm32f429i-disco-bsp/.build/stm32f429i_discovery-leds.o
 .debug_info    0x0000000000000607     0x17ac /Users/simon/gnat-runtimes/stm32f429i-disco-bsp//adalib/libbsp.a(stm32f429i_discovery.o)
 .debug_info    0x0000000000001db3       0x3c /Users/simon/gnat-runtimes/stm32f429i-disco-bsp//adalib/libbsp.a(_init.o)
 .debug_info    0x0000000000001def      0x4b3 /Users/simon/gnat-runtimes/stm32f429i-disco-bsp//adalib/libbsp.a(bsp_configure_system_clock.o)
 .debug_info    0x00000000000022a2      0x637 /Users/simon/gnat-runtimes/stm32f429i-disco-bsp//adalib/libbsp.a(syscalls.o)
 .debug_info    0x00000000000028d9       0x6c /Users/simon/gnat-runtimes/stm32f429i-disco-bsp//adalib/libbsp.a(startup_stm32f429xx.o)
 .debug_info    0x0000000000002945      0x916 /Users/simon/gnat-runtimes/stm32f429i-disco-bsp//adalib/libbsp.a(stm32f4xx_hal.o)
 .debug_info    0x000000000000325b      0xc76 /Users/simon/gnat-runtimes/stm32f429i-disco-bsp//adalib/libbsp.a(stm32f4xx_hal_cortex.o)
 .debug_info    0x0000000000003ed1      0x78c /Users/simon/gnat-runtimes/stm32f429i-disco-bsp//adalib/libbsp.a(stm32f4xx_hal_gpio.o)
 .debug_info    0x000000000000465d     0x16cd /Users/simon/gnat-runtimes/stm32f429i-disco-bsp//adalib/libbsp.a(stm32f4xx_hal_i2c.o)
 .debug_info    0x0000000000005d2a      0x679 /Users/simon/gnat-runtimes/stm32f429i-disco-bsp//adalib/libbsp.a(stm32f4xx_hal_pwr_ex.o)
 .debug_info    0x00000000000063a3      0xf20 /Users/simon/gnat-runtimes/stm32f429i-disco-bsp//adalib/libbsp.a(stm32f4xx_hal_rcc.o)
 .debug_info    0x00000000000072c3     0x1014 /Users/simon/gnat-runtimes/stm32f429i-disco-bsp//adalib/libbsp.a(stm32f4xx_hal_spi.o)
 .debug_info    0x00000000000082d7      0x894 /Users/simon/gnat-runtimes/stm32f429i-disco-bsp//adalib/libbsp.a(stm32f4xx_it.o)
 .debug_info    0x0000000000008b6b      0x535 /Users/simon/gnat-runtimes/stm32f429i-disco-bsp//adalib/libbsp.a(system_stm32f4xx.o)
 .debug_info    0x00000000000090a0      0x6a4 /Users/simon/gnat-runtimes/stm32f429i-disco-bsp//adalib/libbsp.a(stm32f4xx_hal_dma.o)
 .debug_info    0x0000000000009744       0x8f /opt/gnat-gpl-2014-arm-eabi/bin/../lib/gcc/arm-eabi/4.7.4/libgcc.a(_aeabi_uldivmod.o)
 .debug_info    0x00000000000097d3      0x174 /opt/gnat-gpl-2014-arm-eabi/bin/../lib/gcc/arm-eabi/4.7.4/libgcc.a(bpabi.o)
 .debug_info    0x0000000000009947       0x93 /opt/gnat-gpl-2014-arm-eabi/bin/../lib/gcc/arm-eabi/4.7.4/libgcc.a(_dvmd_tls.o)
 .debug_info    0x00000000000099da      0x682 /opt/gnat-gpl-2014-arm-eabi/bin/../lib/gcc/arm-eabi/4.7.4/libgcc.a(_divdi3.o)
 .debug_info    0x000000000000a05c      0x645 /opt/gnat-gpl-2014-arm-eabi/bin/../lib/gcc/arm-eabi/4.7.4/libgcc.a(_udivdi3.o)
 .debug_info    0x000000000000a6a1     0x1d18 /opt/gnat-gpl-2014-arm-eabi/bin/../lib/gcc/arm-eabi/4.7.4/libgcc.a(unwind-arm.o)
 .debug_info    0x000000000000c3b9       0x93 /opt/gnat-gpl-2014-arm-eabi/bin/../lib/gcc/arm-eabi/4.7.4/libgcc.a(libunwind.o)
 .debug_info    0x000000000000c44c      0xa5a /opt/gnat-gpl-2014-arm-eabi/bin/../lib/gcc/arm-eabi/4.7.4/libgcc.a(pr-support.o)

.debug_abbrev   0x0000000000000000     0x2331
 .debug_abbrev  0x0000000000000000       0xd7 ada_delay.o
 .debug_abbrev  0x00000000000000d7       0xaf b__ada_delay.o
 .debug_abbrev  0x0000000000000186       0x28 /Users/simon/gnat-runtimes/demo_stm32f429i-disco-bsp/.build/stm32f429i_discovery-hal.o
 .debug_abbrev  0x00000000000001ae       0x77 /Users/simon/gnat-runtimes/demo_stm32f429i-disco-bsp/.build/clocking.o
 .debug_abbrev  0x0000000000000225       0x64 /Users/simon/gnat-runtimes/demo_stm32f429i-disco-bsp/.build/stm32f429i_discovery-buttons.o
 .debug_abbrev  0x0000000000000289       0xce /Users/simon/gnat-runtimes/demo_stm32f429i-disco-bsp/.build/stm32f429i_discovery-leds.o
 .debug_abbrev  0x0000000000000357      0x234 /Users/simon/gnat-runtimes/stm32f429i-disco-bsp//adalib/libbsp.a(stm32f429i_discovery.o)
 .debug_abbrev  0x000000000000058b       0x2c /Users/simon/gnat-runtimes/stm32f429i-disco-bsp//adalib/libbsp.a(_init.o)
 .debug_abbrev  0x00000000000005b7      0x103 /Users/simon/gnat-runtimes/stm32f429i-disco-bsp//adalib/libbsp.a(bsp_configure_system_clock.o)
 .debug_abbrev  0x00000000000006ba      0x128 /Users/simon/gnat-runtimes/stm32f429i-disco-bsp//adalib/libbsp.a(syscalls.o)
 .debug_abbrev  0x00000000000007e2       0x12 /Users/simon/gnat-runtimes/stm32f429i-disco-bsp//adalib/libbsp.a(startup_stm32f429xx.o)
 .debug_abbrev  0x00000000000007f4      0x18a /Users/simon/gnat-runtimes/stm32f429i-disco-bsp//adalib/libbsp.a(stm32f4xx_hal.o)
 .debug_abbrev  0x000000000000097e      0x279 /Users/simon/gnat-runtimes/stm32f429i-disco-bsp//adalib/libbsp.a(stm32f4xx_hal_cortex.o)
 .debug_abbrev  0x0000000000000bf7      0x19f /Users/simon/gnat-runtimes/stm32f429i-disco-bsp//adalib/libbsp.a(stm32f4xx_hal_gpio.o)
 .debug_abbrev  0x0000000000000d96      0x1d4 /Users/simon/gnat-runtimes/stm32f429i-disco-bsp//adalib/libbsp.a(stm32f4xx_hal_i2c.o)
 .debug_abbrev  0x0000000000000f6a      0x158 /Users/simon/gnat-runtimes/stm32f429i-disco-bsp//adalib/libbsp.a(stm32f4xx_hal_pwr_ex.o)
 .debug_abbrev  0x00000000000010c2      0x287 /Users/simon/gnat-runtimes/stm32f429i-disco-bsp//adalib/libbsp.a(stm32f4xx_hal_rcc.o)
 .debug_abbrev  0x0000000000001349      0x1f4 /Users/simon/gnat-runtimes/stm32f429i-disco-bsp//adalib/libbsp.a(stm32f4xx_hal_spi.o)
 .debug_abbrev  0x000000000000153d       0xa6 /Users/simon/gnat-runtimes/stm32f429i-disco-bsp//adalib/libbsp.a(stm32f4xx_it.o)
 .debug_abbrev  0x00000000000015e3      0x101 /Users/simon/gnat-runtimes/stm32f429i-disco-bsp//adalib/libbsp.a(system_stm32f4xx.o)
 .debug_abbrev  0x00000000000016e4      0x1c0 /Users/simon/gnat-runtimes/stm32f429i-disco-bsp//adalib/libbsp.a(stm32f4xx_hal_dma.o)
 .debug_abbrev  0x00000000000018a4       0x14 /opt/gnat-gpl-2014-arm-eabi/bin/../lib/gcc/arm-eabi/4.7.4/libgcc.a(_aeabi_uldivmod.o)
 .debug_abbrev  0x00000000000018b8       0xb7 /opt/gnat-gpl-2014-arm-eabi/bin/../lib/gcc/arm-eabi/4.7.4/libgcc.a(bpabi.o)
 .debug_abbrev  0x000000000000196f       0x14 /opt/gnat-gpl-2014-arm-eabi/bin/../lib/gcc/arm-eabi/4.7.4/libgcc.a(_dvmd_tls.o)
 .debug_abbrev  0x0000000000001983      0x15a /opt/gnat-gpl-2014-arm-eabi/bin/../lib/gcc/arm-eabi/4.7.4/libgcc.a(_divdi3.o)
 .debug_abbrev  0x0000000000001add      0x154 /opt/gnat-gpl-2014-arm-eabi/bin/../lib/gcc/arm-eabi/4.7.4/libgcc.a(_udivdi3.o)
 .debug_abbrev  0x0000000000001c31      0x48f /opt/gnat-gpl-2014-arm-eabi/bin/../lib/gcc/arm-eabi/4.7.4/libgcc.a(unwind-arm.o)
 .debug_abbrev  0x00000000000020c0       0x14 /opt/gnat-gpl-2014-arm-eabi/bin/../lib/gcc/arm-eabi/4.7.4/libgcc.a(libunwind.o)
 .debug_abbrev  0x00000000000020d4      0x25d /opt/gnat-gpl-2014-arm-eabi/bin/../lib/gcc/arm-eabi/4.7.4/libgcc.a(pr-support.o)

.debug_loc      0x0000000000000000     0x7ef5
 .debug_loc     0x0000000000000000       0x38 ada_delay.o
 .debug_loc     0x0000000000000038       0x64 b__ada_delay.o
 .debug_loc     0x000000000000009c       0x2c /Users/simon/gnat-runtimes/demo_stm32f429i-disco-bsp/.build/stm32f429i_discovery-hal.o
 .debug_loc     0x00000000000000c8       0x2c /Users/simon/gnat-runtimes/demo_stm32f429i-disco-bsp/.build/clocking.o
 .debug_loc     0x00000000000000f4       0x84 /Users/simon/gnat-runtimes/demo_stm32f429i-disco-bsp/.build/stm32f429i_discovery-buttons.o
 .debug_loc     0x0000000000000178       0xd4 /Users/simon/gnat-runtimes/demo_stm32f429i-disco-bsp/.build/stm32f429i_discovery-leds.o
 .debug_loc     0x000000000000024c      0x78c /Users/simon/gnat-runtimes/stm32f429i-disco-bsp//adalib/libbsp.a(stm32f429i_discovery.o)
 .debug_loc     0x00000000000009d8       0x2c /Users/simon/gnat-runtimes/stm32f429i-disco-bsp//adalib/libbsp.a(_init.o)
 .debug_loc     0x0000000000000a04       0x3a /Users/simon/gnat-runtimes/stm32f429i-disco-bsp//adalib/libbsp.a(bsp_configure_system_clock.o)
 .debug_loc     0x0000000000000a3e      0x3e4 /Users/simon/gnat-runtimes/stm32f429i-disco-bsp//adalib/libbsp.a(syscalls.o)
 .debug_loc     0x0000000000000e22      0x40c /Users/simon/gnat-runtimes/stm32f429i-disco-bsp//adalib/libbsp.a(stm32f4xx_hal.o)
 .debug_loc     0x000000000000122e      0x610 /Users/simon/gnat-runtimes/stm32f429i-disco-bsp//adalib/libbsp.a(stm32f4xx_hal_cortex.o)
 .debug_loc     0x000000000000183e      0x1c0 /Users/simon/gnat-runtimes/stm32f429i-disco-bsp//adalib/libbsp.a(stm32f4xx_hal_gpio.o)
 .debug_loc     0x00000000000019fe      0xcb0 /Users/simon/gnat-runtimes/stm32f429i-disco-bsp//adalib/libbsp.a(stm32f4xx_hal_i2c.o)
 .debug_loc     0x00000000000026ae      0x170 /Users/simon/gnat-runtimes/stm32f429i-disco-bsp//adalib/libbsp.a(stm32f4xx_hal_pwr_ex.o)
 .debug_loc     0x000000000000281e      0x2da /Users/simon/gnat-runtimes/stm32f429i-disco-bsp//adalib/libbsp.a(stm32f4xx_hal_rcc.o)
 .debug_loc     0x0000000000002af8      0x888 /Users/simon/gnat-runtimes/stm32f429i-disco-bsp//adalib/libbsp.a(stm32f4xx_hal_spi.o)
 .debug_loc     0x0000000000003380     0x1104 /Users/simon/gnat-runtimes/stm32f429i-disco-bsp//adalib/libbsp.a(stm32f4xx_it.o)
 .debug_loc     0x0000000000004484       0x64 /Users/simon/gnat-runtimes/stm32f429i-disco-bsp//adalib/libbsp.a(system_stm32f4xx.o)
 .debug_loc     0x00000000000044e8      0x230 /Users/simon/gnat-runtimes/stm32f429i-disco-bsp//adalib/libbsp.a(stm32f4xx_hal_dma.o)
 .debug_loc     0x0000000000004718       0xe0 /opt/gnat-gpl-2014-arm-eabi/bin/../lib/gcc/arm-eabi/4.7.4/libgcc.a(bpabi.o)
 .debug_loc     0x00000000000047f8      0xc4c /opt/gnat-gpl-2014-arm-eabi/bin/../lib/gcc/arm-eabi/4.7.4/libgcc.a(_divdi3.o)
 .debug_loc     0x0000000000005444      0xc75 /opt/gnat-gpl-2014-arm-eabi/bin/../lib/gcc/arm-eabi/4.7.4/libgcc.a(_udivdi3.o)
 .debug_loc     0x00000000000060b9     0x179b /opt/gnat-gpl-2014-arm-eabi/bin/../lib/gcc/arm-eabi/4.7.4/libgcc.a(unwind-arm.o)
 .debug_loc     0x0000000000007854      0x6a1 /opt/gnat-gpl-2014-arm-eabi/bin/../lib/gcc/arm-eabi/4.7.4/libgcc.a(pr-support.o)

.debug_aranges  0x0000000000000000      0x3a8
 .debug_aranges
                0x0000000000000000       0x20 ada_delay.o
 .debug_aranges
                0x0000000000000020       0x20 b__ada_delay.o
 .debug_aranges
                0x0000000000000040       0x20 /Users/simon/gnat-runtimes/demo_stm32f429i-disco-bsp/.build/stm32f429i_discovery-hal.o
 .debug_aranges
                0x0000000000000060       0x20 /Users/simon/gnat-runtimes/demo_stm32f429i-disco-bsp/.build/clocking.o
 .debug_aranges
                0x0000000000000080       0x20 /Users/simon/gnat-runtimes/demo_stm32f429i-disco-bsp/.build/stm32f429i_discovery-buttons.o
 .debug_aranges
                0x00000000000000a0       0x20 /Users/simon/gnat-runtimes/demo_stm32f429i-disco-bsp/.build/stm32f429i_discovery-leds.o
 .debug_aranges
                0x00000000000000c0       0x20 /Users/simon/gnat-runtimes/stm32f429i-disco-bsp//adalib/libbsp.a(stm32f429i_discovery.o)
 .debug_aranges
                0x00000000000000e0       0x20 /Users/simon/gnat-runtimes/stm32f429i-disco-bsp//adalib/libbsp.a(_init.o)
 .debug_aranges
                0x0000000000000100       0x20 /Users/simon/gnat-runtimes/stm32f429i-disco-bsp//adalib/libbsp.a(bsp_configure_system_clock.o)
 .debug_aranges
                0x0000000000000120       0x20 /Users/simon/gnat-runtimes/stm32f429i-disco-bsp//adalib/libbsp.a(syscalls.o)
 .debug_aranges
                0x0000000000000140       0x28 /Users/simon/gnat-runtimes/stm32f429i-disco-bsp//adalib/libbsp.a(startup_stm32f429xx.o)
 .debug_aranges
                0x0000000000000168       0x20 /Users/simon/gnat-runtimes/stm32f429i-disco-bsp//adalib/libbsp.a(stm32f4xx_hal.o)
 .debug_aranges
                0x0000000000000188       0x20 /Users/simon/gnat-runtimes/stm32f429i-disco-bsp//adalib/libbsp.a(stm32f4xx_hal_cortex.o)
 .debug_aranges
                0x00000000000001a8       0x20 /Users/simon/gnat-runtimes/stm32f429i-disco-bsp//adalib/libbsp.a(stm32f4xx_hal_gpio.o)
 .debug_aranges
                0x00000000000001c8       0x20 /Users/simon/gnat-runtimes/stm32f429i-disco-bsp//adalib/libbsp.a(stm32f4xx_hal_i2c.o)
 .debug_aranges
                0x00000000000001e8       0x20 /Users/simon/gnat-runtimes/stm32f429i-disco-bsp//adalib/libbsp.a(stm32f4xx_hal_pwr_ex.o)
 .debug_aranges
                0x0000000000000208       0x20 /Users/simon/gnat-runtimes/stm32f429i-disco-bsp//adalib/libbsp.a(stm32f4xx_hal_rcc.o)
 .debug_aranges
                0x0000000000000228       0x20 /Users/simon/gnat-runtimes/stm32f429i-disco-bsp//adalib/libbsp.a(stm32f4xx_hal_spi.o)
 .debug_aranges
                0x0000000000000248       0x20 /Users/simon/gnat-runtimes/stm32f429i-disco-bsp//adalib/libbsp.a(stm32f4xx_it.o)
 .debug_aranges
                0x0000000000000268       0x20 /Users/simon/gnat-runtimes/stm32f429i-disco-bsp//adalib/libbsp.a(system_stm32f4xx.o)
 .debug_aranges
                0x0000000000000288       0x20 /Users/simon/gnat-runtimes/stm32f429i-disco-bsp//adalib/libbsp.a(stm32f4xx_hal_dma.o)
 .debug_aranges
                0x00000000000002a8       0x20 /opt/gnat-gpl-2014-arm-eabi/bin/../lib/gcc/arm-eabi/4.7.4/libgcc.a(_aeabi_uldivmod.o)
 .debug_aranges
                0x00000000000002c8       0x20 /opt/gnat-gpl-2014-arm-eabi/bin/../lib/gcc/arm-eabi/4.7.4/libgcc.a(bpabi.o)
 .debug_aranges
                0x00000000000002e8       0x20 /opt/gnat-gpl-2014-arm-eabi/bin/../lib/gcc/arm-eabi/4.7.4/libgcc.a(_dvmd_tls.o)
 .debug_aranges
                0x0000000000000308       0x20 /opt/gnat-gpl-2014-arm-eabi/bin/../lib/gcc/arm-eabi/4.7.4/libgcc.a(_divdi3.o)
 .debug_aranges
                0x0000000000000328       0x20 /opt/gnat-gpl-2014-arm-eabi/bin/../lib/gcc/arm-eabi/4.7.4/libgcc.a(_udivdi3.o)
 .debug_aranges
                0x0000000000000348       0x20 /opt/gnat-gpl-2014-arm-eabi/bin/../lib/gcc/arm-eabi/4.7.4/libgcc.a(unwind-arm.o)
 .debug_aranges
                0x0000000000000368       0x20 /opt/gnat-gpl-2014-arm-eabi/bin/../lib/gcc/arm-eabi/4.7.4/libgcc.a(libunwind.o)
 .debug_aranges
                0x0000000000000388       0x20 /opt/gnat-gpl-2014-arm-eabi/bin/../lib/gcc/arm-eabi/4.7.4/libgcc.a(pr-support.o)

.debug_line     0x0000000000000000     0x8743
 .debug_line    0x0000000000000000       0xe4 ada_delay.o
 .debug_line    0x00000000000000e4       0x5d b__ada_delay.o
 .debug_line    0x0000000000000141        0x0 /Users/simon/gnat-runtimes/demo_stm32f429i-disco-bsp/.build/stm32f429i_discovery.o
 .debug_line    0x0000000000000141       0x86 /Users/simon/gnat-runtimes/demo_stm32f429i-disco-bsp/.build/stm32f429i_discovery-hal.o
 .debug_line    0x00000000000001c7       0x8d /Users/simon/gnat-runtimes/demo_stm32f429i-disco-bsp/.build/clocking.o
 .debug_line    0x0000000000000254       0x8f /Users/simon/gnat-runtimes/demo_stm32f429i-disco-bsp/.build/stm32f429i_discovery-buttons.o
 .debug_line    0x00000000000002e3       0xaf /Users/simon/gnat-runtimes/demo_stm32f429i-disco-bsp/.build/stm32f429i_discovery-leds.o
 .debug_line    0x0000000000000392      0x448 /Users/simon/gnat-runtimes/stm32f429i-disco-bsp//adalib/libbsp.a(stm32f429i_discovery.o)
 .debug_line    0x00000000000007da       0x3c /Users/simon/gnat-runtimes/stm32f429i-disco-bsp//adalib/libbsp.a(_init.o)
 .debug_line    0x0000000000000816      0x263 /Users/simon/gnat-runtimes/stm32f429i-disco-bsp//adalib/libbsp.a(bsp_configure_system_clock.o)
 .debug_line    0x0000000000000a79      0x13f /Users/simon/gnat-runtimes/stm32f429i-disco-bsp//adalib/libbsp.a(syscalls.o)
 .debug_line    0x0000000000000bb8       0x78 /Users/simon/gnat-runtimes/stm32f429i-disco-bsp//adalib/libbsp.a(startup_stm32f429xx.o)
 .debug_line    0x0000000000000c30      0x2e1 /Users/simon/gnat-runtimes/stm32f429i-disco-bsp//adalib/libbsp.a(stm32f4xx_hal.o)
 .debug_line    0x0000000000000f11      0x351 /Users/simon/gnat-runtimes/stm32f429i-disco-bsp//adalib/libbsp.a(stm32f4xx_hal_cortex.o)
 .debug_line    0x0000000000001262      0x3ad /Users/simon/gnat-runtimes/stm32f429i-disco-bsp//adalib/libbsp.a(stm32f4xx_hal_gpio.o)
 .debug_line    0x000000000000160f      0xc59 /Users/simon/gnat-runtimes/stm32f429i-disco-bsp//adalib/libbsp.a(stm32f4xx_hal_i2c.o)
 .debug_line    0x0000000000002268      0x30b /Users/simon/gnat-runtimes/stm32f429i-disco-bsp//adalib/libbsp.a(stm32f4xx_hal_pwr_ex.o)
 .debug_line    0x0000000000002573      0x5db /Users/simon/gnat-runtimes/stm32f429i-disco-bsp//adalib/libbsp.a(stm32f4xx_hal_rcc.o)
 .debug_line    0x0000000000002b4e      0x880 /Users/simon/gnat-runtimes/stm32f429i-disco-bsp//adalib/libbsp.a(stm32f4xx_hal_spi.o)
 .debug_line    0x00000000000033ce      0x28c /Users/simon/gnat-runtimes/stm32f429i-disco-bsp//adalib/libbsp.a(stm32f4xx_it.o)
 .debug_line    0x000000000000365a      0x1e8 /Users/simon/gnat-runtimes/stm32f429i-disco-bsp//adalib/libbsp.a(system_stm32f4xx.o)
 .debug_line    0x0000000000003842     0x42e3 /Users/simon/gnat-runtimes/stm32f429i-disco-bsp//adalib/libbsp.a(stm32f4xx_hal_dma.o)
 .debug_line    0x0000000000007b25       0x72 /opt/gnat-gpl-2014-arm-eabi/bin/../lib/gcc/arm-eabi/4.7.4/libgcc.a(_aeabi_uldivmod.o)
 .debug_line    0x0000000000007b97       0x70 /opt/gnat-gpl-2014-arm-eabi/bin/../lib/gcc/arm-eabi/4.7.4/libgcc.a(bpabi.o)
 .debug_line    0x0000000000007c07       0x6e /opt/gnat-gpl-2014-arm-eabi/bin/../lib/gcc/arm-eabi/4.7.4/libgcc.a(_dvmd_tls.o)
 .debug_line    0x0000000000007c75      0x195 /opt/gnat-gpl-2014-arm-eabi/bin/../lib/gcc/arm-eabi/4.7.4/libgcc.a(_divdi3.o)
 .debug_line    0x0000000000007e0a      0x184 /opt/gnat-gpl-2014-arm-eabi/bin/../lib/gcc/arm-eabi/4.7.4/libgcc.a(_udivdi3.o)
 .debug_line    0x0000000000007f8e      0x527 /opt/gnat-gpl-2014-arm-eabi/bin/../lib/gcc/arm-eabi/4.7.4/libgcc.a(unwind-arm.o)
 .debug_line    0x00000000000084b5       0xbd /opt/gnat-gpl-2014-arm-eabi/bin/../lib/gcc/arm-eabi/4.7.4/libgcc.a(libunwind.o)
 .debug_line    0x0000000000008572      0x1d1 /opt/gnat-gpl-2014-arm-eabi/bin/../lib/gcc/arm-eabi/4.7.4/libgcc.a(pr-support.o)

.debug_str      0x0000000000000000     0x488d
 .debug_str     0x0000000000000000      0x1c4 ada_delay.o
                                        0x1ce (size before relaxing)
 .debug_str     0x00000000000001c4      0x33e b__ada_delay.o
                                        0x38d (size before relaxing)
 .debug_str     0x0000000000000502       0x78 /Users/simon/gnat-runtimes/demo_stm32f429i-disco-bsp/.build/stm32f429i_discovery-hal.o
                                         0xb0 (size before relaxing)
 .debug_str     0x000000000000057a       0xdf /Users/simon/gnat-runtimes/demo_stm32f429i-disco-bsp/.build/clocking.o
                                        0x137 (size before relaxing)
 .debug_str     0x0000000000000659      0x118 /Users/simon/gnat-runtimes/demo_stm32f429i-disco-bsp/.build/stm32f429i_discovery-buttons.o
                                        0x158 (size before relaxing)
 .debug_str     0x0000000000000771      0x1fc /Users/simon/gnat-runtimes/demo_stm32f429i-disco-bsp/.build/stm32f429i_discovery-leds.o
                                        0x296 (size before relaxing)
 .debug_str     0x000000000000096d     0x1253 /Users/simon/gnat-runtimes/stm32f429i-disco-bsp//adalib/libbsp.a(stm32f429i_discovery.o)
                                       0x133d (size before relaxing)
 .debug_str     0x0000000000001bc0       0x42 /Users/simon/gnat-runtimes/stm32f429i-disco-bsp//adalib/libbsp.a(_init.o)
                                         0x78 (size before relaxing)
 .debug_str     0x0000000000001c02      0x157 /Users/simon/gnat-runtimes/stm32f429i-disco-bsp//adalib/libbsp.a(bsp_configure_system_clock.o)
                                        0x3dd (size before relaxing)
 .debug_str     0x0000000000001d59      0x1a6 /Users/simon/gnat-runtimes/stm32f429i-disco-bsp//adalib/libbsp.a(syscalls.o)
                                        0x2cd (size before relaxing)
 .debug_str     0x0000000000001eff      0x28f /Users/simon/gnat-runtimes/stm32f429i-disco-bsp//adalib/libbsp.a(stm32f4xx_hal.o)
                                        0xa3b (size before relaxing)
 .debug_str     0x000000000000218e      0x2ea /Users/simon/gnat-runtimes/stm32f429i-disco-bsp//adalib/libbsp.a(stm32f4xx_hal_cortex.o)
                                        0xaba (size before relaxing)
 .debug_str     0x0000000000002478      0x179 /Users/simon/gnat-runtimes/stm32f429i-disco-bsp//adalib/libbsp.a(stm32f4xx_hal_gpio.o)
                                        0x46c (size before relaxing)
 .debug_str     0x00000000000025f1      0x5e2 /Users/simon/gnat-runtimes/stm32f429i-disco-bsp//adalib/libbsp.a(stm32f4xx_hal_i2c.o)
                                        0xc3f (size before relaxing)
 .debug_str     0x0000000000002bd3      0x14f /Users/simon/gnat-runtimes/stm32f429i-disco-bsp//adalib/libbsp.a(stm32f4xx_hal_pwr_ex.o)
                                        0x41d (size before relaxing)
 .debug_str     0x0000000000002d22      0x1ea /Users/simon/gnat-runtimes/stm32f429i-disco-bsp//adalib/libbsp.a(stm32f4xx_hal_rcc.o)
                                        0x638 (size before relaxing)
 .debug_str     0x0000000000002f0c      0x390 /Users/simon/gnat-runtimes/stm32f429i-disco-bsp//adalib/libbsp.a(stm32f4xx_hal_spi.o)
                                        0xa2b (size before relaxing)
 .debug_str     0x000000000000329c      0x781 /Users/simon/gnat-runtimes/stm32f429i-disco-bsp//adalib/libbsp.a(stm32f4xx_it.o)
                                        0x81b (size before relaxing)
 .debug_str     0x0000000000003a1d       0x42 /Users/simon/gnat-runtimes/stm32f429i-disco-bsp//adalib/libbsp.a(system_stm32f4xx.o)
                                        0x30c (size before relaxing)
 .debug_str     0x0000000000003a5f      0x17a /Users/simon/gnat-runtimes/stm32f429i-disco-bsp//adalib/libbsp.a(stm32f4xx_hal_dma.o)
                                        0x563 (size before relaxing)
 .debug_str     0x0000000000003bd9       0xba /opt/gnat-gpl-2014-arm-eabi/bin/../lib/gcc/arm-eabi/4.7.4/libgcc.a(bpabi.o)
                                        0x115 (size before relaxing)
 .debug_str     0x0000000000003c93       0xc7 /opt/gnat-gpl-2014-arm-eabi/bin/../lib/gcc/arm-eabi/4.7.4/libgcc.a(_divdi3.o)
                                        0x1d9 (size before relaxing)
 .debug_str     0x0000000000000000      0x1da /opt/gnat-gpl-2014-arm-eabi/bin/../lib/gcc/arm-eabi/4.7.4/libgcc.a(_udivdi3.o)
 .debug_str     0x0000000000003d5a      0xa46 /opt/gnat-gpl-2014-arm-eabi/bin/../lib/gcc/arm-eabi/4.7.4/libgcc.a(unwind-arm.o)
                                        0xb81 (size before relaxing)
 .debug_str     0x00000000000047a0       0xed /opt/gnat-gpl-2014-arm-eabi/bin/../lib/gcc/arm-eabi/4.7.4/libgcc.a(pr-support.o)
                                        0x504 (size before relaxing)

.comment        0x0000000000000000       0x3b
 .comment       0x0000000000000000       0x3b ada_delay.o
                                         0x3c (size before relaxing)
 .comment       0x0000000000000000       0x3c b__ada_delay.o
 .comment       0x0000000000000000       0x3c /Users/simon/gnat-runtimes/demo_stm32f429i-disco-bsp/.build/stm32f429i_discovery.o
 .comment       0x0000000000000000       0x3c /Users/simon/gnat-runtimes/demo_stm32f429i-disco-bsp/.build/stm32f429i_discovery-hal.o
 .comment       0x0000000000000000       0x3c /Users/simon/gnat-runtimes/demo_stm32f429i-disco-bsp/.build/clocking.o
 .comment       0x0000000000000000       0x3c /Users/simon/gnat-runtimes/demo_stm32f429i-disco-bsp/.build/stm32f429i_discovery-buttons.o
 .comment       0x0000000000000000       0x3c /Users/simon/gnat-runtimes/demo_stm32f429i-disco-bsp/.build/stm32f429i_discovery-leds.o
 .comment       0x0000000000000000       0x3c /Users/simon/gnat-runtimes/stm32f429i-disco-bsp//adalib/libbsp.a(stm32f429i_discovery.o)
 .comment       0x0000000000000000       0x3c /Users/simon/gnat-runtimes/stm32f429i-disco-bsp//adalib/libbsp.a(_init.o)
 .comment       0x0000000000000000       0x3c /Users/simon/gnat-runtimes/stm32f429i-disco-bsp//adalib/libbsp.a(bsp_configure_system_clock.o)
 .comment       0x0000000000000000       0x3c /Users/simon/gnat-runtimes/stm32f429i-disco-bsp//adalib/libbsp.a(syscalls.o)
 .comment       0x0000000000000000       0x3c /Users/simon/gnat-runtimes/stm32f429i-disco-bsp//adalib/libbsp.a(stm32f4xx_hal.o)
 .comment       0x0000000000000000       0x3c /Users/simon/gnat-runtimes/stm32f429i-disco-bsp//adalib/libbsp.a(stm32f4xx_hal_cortex.o)
 .comment       0x0000000000000000       0x3c /Users/simon/gnat-runtimes/stm32f429i-disco-bsp//adalib/libbsp.a(stm32f4xx_hal_gpio.o)
 .comment       0x0000000000000000       0x3c /Users/simon/gnat-runtimes/stm32f429i-disco-bsp//adalib/libbsp.a(stm32f4xx_hal_i2c.o)
 .comment       0x0000000000000000       0x3c /Users/simon/gnat-runtimes/stm32f429i-disco-bsp//adalib/libbsp.a(stm32f4xx_hal_pwr_ex.o)
 .comment       0x0000000000000000       0x3c /Users/simon/gnat-runtimes/stm32f429i-disco-bsp//adalib/libbsp.a(stm32f4xx_hal_rcc.o)
 .comment       0x0000000000000000       0x3c /Users/simon/gnat-runtimes/stm32f429i-disco-bsp//adalib/libbsp.a(stm32f4xx_hal_spi.o)
 .comment       0x0000000000000000       0x3c /Users/simon/gnat-runtimes/stm32f429i-disco-bsp//adalib/libbsp.a(stm32f4xx_it.o)
 .comment       0x0000000000000000       0x3c /Users/simon/gnat-runtimes/stm32f429i-disco-bsp//adalib/libbsp.a(system_stm32f4xx.o)
 .comment       0x0000000000000000       0x3c /Users/simon/gnat-runtimes/stm32f429i-disco-bsp//adalib/libbsp.a(stm32f4xx_hal_dma.o)
 .comment       0x0000000000000000       0x3c /opt/gnat-gpl-2014-arm-eabi/bin/../lib/gcc/arm-eabi/4.7.4/libgcc.a(bpabi.o)
 .comment       0x0000000000000000       0x3c /opt/gnat-gpl-2014-arm-eabi/bin/../lib/gcc/arm-eabi/4.7.4/libgcc.a(_divdi3.o)
 .comment       0x0000000000000000       0x3c /opt/gnat-gpl-2014-arm-eabi/bin/../lib/gcc/arm-eabi/4.7.4/libgcc.a(_udivdi3.o)
 .comment       0x0000000000000000       0x3c /opt/gnat-gpl-2014-arm-eabi/bin/../lib/gcc/arm-eabi/4.7.4/libgcc.a(unwind-arm.o)
 .comment       0x0000000000000000       0x3c /opt/gnat-gpl-2014-arm-eabi/bin/../lib/gcc/arm-eabi/4.7.4/libgcc.a(pr-support.o)

.ARM.attributes
                0x0000000000000000       0x37
 .ARM.attributes
                0x0000000000000000       0x37 ada_delay.o
 .ARM.attributes
                0x0000000000000037       0x37 b__ada_delay.o
 .ARM.attributes
                0x000000000000006e       0x37 /Users/simon/gnat-runtimes/demo_stm32f429i-disco-bsp/.build/stm32f429i_discovery.o
 .ARM.attributes
                0x00000000000000a5       0x37 /Users/simon/gnat-runtimes/demo_stm32f429i-disco-bsp/.build/stm32f429i_discovery-hal.o
 .ARM.attributes
                0x00000000000000dc       0x37 /Users/simon/gnat-runtimes/demo_stm32f429i-disco-bsp/.build/clocking.o
 .ARM.attributes
                0x0000000000000113       0x37 /Users/simon/gnat-runtimes/demo_stm32f429i-disco-bsp/.build/stm32f429i_discovery-buttons.o
 .ARM.attributes
                0x000000000000014a       0x37 /Users/simon/gnat-runtimes/demo_stm32f429i-disco-bsp/.build/stm32f429i_discovery-leds.o
 .ARM.attributes
                0x0000000000000181       0x39 /Users/simon/gnat-runtimes/stm32f429i-disco-bsp//adalib/libbsp.a(stm32f429i_discovery.o)
 .ARM.attributes
                0x00000000000001ba       0x39 /Users/simon/gnat-runtimes/stm32f429i-disco-bsp//adalib/libbsp.a(_init.o)
 .ARM.attributes
                0x00000000000001f3       0x39 /Users/simon/gnat-runtimes/stm32f429i-disco-bsp//adalib/libbsp.a(bsp_configure_system_clock.o)
 .ARM.attributes
                0x000000000000022c       0x39 /Users/simon/gnat-runtimes/stm32f429i-disco-bsp//adalib/libbsp.a(syscalls.o)
 .ARM.attributes
                0x0000000000000265       0x21 /Users/simon/gnat-runtimes/stm32f429i-disco-bsp//adalib/libbsp.a(startup_stm32f429xx.o)
 .ARM.attributes
                0x0000000000000286       0x39 /Users/simon/gnat-runtimes/stm32f429i-disco-bsp//adalib/libbsp.a(stm32f4xx_hal.o)
 .ARM.attributes
                0x00000000000002bf       0x39 /Users/simon/gnat-runtimes/stm32f429i-disco-bsp//adalib/libbsp.a(stm32f4xx_hal_cortex.o)
 .ARM.attributes
                0x00000000000002f8       0x39 /Users/simon/gnat-runtimes/stm32f429i-disco-bsp//adalib/libbsp.a(stm32f4xx_hal_gpio.o)
 .ARM.attributes
                0x0000000000000331       0x39 /Users/simon/gnat-runtimes/stm32f429i-disco-bsp//adalib/libbsp.a(stm32f4xx_hal_i2c.o)
 .ARM.attributes
                0x000000000000036a       0x39 /Users/simon/gnat-runtimes/stm32f429i-disco-bsp//adalib/libbsp.a(stm32f4xx_hal_pwr_ex.o)
 .ARM.attributes
                0x00000000000003a3       0x39 /Users/simon/gnat-runtimes/stm32f429i-disco-bsp//adalib/libbsp.a(stm32f4xx_hal_rcc.o)
 .ARM.attributes
                0x00000000000003dc       0x39 /Users/simon/gnat-runtimes/stm32f429i-disco-bsp//adalib/libbsp.a(stm32f4xx_hal_spi.o)
 .ARM.attributes
                0x0000000000000415       0x39 /Users/simon/gnat-runtimes/stm32f429i-disco-bsp//adalib/libbsp.a(stm32f4xx_it.o)
 .ARM.attributes
                0x000000000000044e       0x39 /Users/simon/gnat-runtimes/stm32f429i-disco-bsp//adalib/libbsp.a(system_stm32f4xx.o)
 .ARM.attributes
                0x0000000000000487       0x39 /Users/simon/gnat-runtimes/stm32f429i-disco-bsp//adalib/libbsp.a(stm32f4xx_hal_dma.o)
 .ARM.attributes
                0x00000000000004c0       0x27 /opt/gnat-gpl-2014-arm-eabi/bin/../lib/gcc/arm-eabi/4.7.4/libgcc.a(_aeabi_uldivmod.o)
 .ARM.attributes
                0x00000000000004e7       0x39 /opt/gnat-gpl-2014-arm-eabi/bin/../lib/gcc/arm-eabi/4.7.4/libgcc.a(bpabi.o)
 .ARM.attributes
                0x0000000000000520       0x27 /opt/gnat-gpl-2014-arm-eabi/bin/../lib/gcc/arm-eabi/4.7.4/libgcc.a(_dvmd_tls.o)
 .ARM.attributes
                0x0000000000000547       0x39 /opt/gnat-gpl-2014-arm-eabi/bin/../lib/gcc/arm-eabi/4.7.4/libgcc.a(_divdi3.o)
 .ARM.attributes
                0x0000000000000580       0x39 /opt/gnat-gpl-2014-arm-eabi/bin/../lib/gcc/arm-eabi/4.7.4/libgcc.a(_udivdi3.o)
 .ARM.attributes
                0x00000000000005b9       0x39 /opt/gnat-gpl-2014-arm-eabi/bin/../lib/gcc/arm-eabi/4.7.4/libgcc.a(unwind-arm.o)
 .ARM.attributes
                0x00000000000005f2       0x27 /opt/gnat-gpl-2014-arm-eabi/bin/../lib/gcc/arm-eabi/4.7.4/libgcc.a(libunwind.o)
 .ARM.attributes
                0x0000000000000619       0x39 /opt/gnat-gpl-2014-arm-eabi/bin/../lib/gcc/arm-eabi/4.7.4/libgcc.a(pr-support.o)

.debug_frame    0x0000000000000000     0x2cc8
 .debug_frame   0x0000000000000000       0x30 ada_delay.o
 .debug_frame   0x0000000000000030       0x48 b__ada_delay.o
 .debug_frame   0x0000000000000078       0x2c /Users/simon/gnat-runtimes/demo_stm32f429i-disco-bsp/.build/stm32f429i_discovery-hal.o
 .debug_frame   0x00000000000000a4       0x2c /Users/simon/gnat-runtimes/demo_stm32f429i-disco-bsp/.build/clocking.o
 .debug_frame   0x00000000000000d0       0x64 /Users/simon/gnat-runtimes/demo_stm32f429i-disco-bsp/.build/stm32f429i_discovery-buttons.o
 .debug_frame   0x0000000000000134       0x8c /Users/simon/gnat-runtimes/demo_stm32f429i-disco-bsp/.build/stm32f429i_discovery-leds.o
 .debug_frame   0x00000000000001c0      0x470 /Users/simon/gnat-runtimes/stm32f429i-disco-bsp//adalib/libbsp.a(stm32f429i_discovery.o)
 .debug_frame   0x0000000000000630       0x28 /Users/simon/gnat-runtimes/stm32f429i-disco-bsp//adalib/libbsp.a(_init.o)
 .debug_frame   0x0000000000000658       0x30 /Users/simon/gnat-runtimes/stm32f429i-disco-bsp//adalib/libbsp.a(bsp_configure_system_clock.o)
 .debug_frame   0x0000000000000688      0x248 /Users/simon/gnat-runtimes/stm32f429i-disco-bsp//adalib/libbsp.a(syscalls.o)
 .debug_frame   0x00000000000008d0      0x250 /Users/simon/gnat-runtimes/stm32f429i-disco-bsp//adalib/libbsp.a(stm32f4xx_hal.o)
 .debug_frame   0x0000000000000b20      0x35c /Users/simon/gnat-runtimes/stm32f429i-disco-bsp//adalib/libbsp.a(stm32f4xx_hal_cortex.o)
 .debug_frame   0x0000000000000e7c       0xf4 /Users/simon/gnat-runtimes/stm32f429i-disco-bsp//adalib/libbsp.a(stm32f4xx_hal_gpio.o)
 .debug_frame   0x0000000000000f70      0x704 /Users/simon/gnat-runtimes/stm32f429i-disco-bsp//adalib/libbsp.a(stm32f4xx_hal_i2c.o)
 .debug_frame   0x0000000000001674       0xe0 /Users/simon/gnat-runtimes/stm32f429i-disco-bsp//adalib/libbsp.a(stm32f4xx_hal_pwr_ex.o)
 .debug_frame   0x0000000000001754      0x1a8 /Users/simon/gnat-runtimes/stm32f429i-disco-bsp//adalib/libbsp.a(stm32f4xx_hal_rcc.o)
 .debug_frame   0x00000000000018fc      0x4b4 /Users/simon/gnat-runtimes/stm32f429i-disco-bsp//adalib/libbsp.a(stm32f4xx_hal_spi.o)
 .debug_frame   0x0000000000001db0      0x95c /Users/simon/gnat-runtimes/stm32f429i-disco-bsp//adalib/libbsp.a(stm32f4xx_it.o)
 .debug_frame   0x000000000000270c       0x44 /Users/simon/gnat-runtimes/stm32f429i-disco-bsp//adalib/libbsp.a(system_stm32f4xx.o)
 .debug_frame   0x0000000000002750      0x13c /Users/simon/gnat-runtimes/stm32f429i-disco-bsp//adalib/libbsp.a(stm32f4xx_hal_dma.o)
 .debug_frame   0x000000000000288c       0x50 /opt/gnat-gpl-2014-arm-eabi/bin/../lib/gcc/arm-eabi/4.7.4/libgcc.a(bpabi.o)
 .debug_frame   0x00000000000028dc       0x34 /opt/gnat-gpl-2014-arm-eabi/bin/../lib/gcc/arm-eabi/4.7.4/libgcc.a(_divdi3.o)
 .debug_frame   0x0000000000002910       0x34 /opt/gnat-gpl-2014-arm-eabi/bin/../lib/gcc/arm-eabi/4.7.4/libgcc.a(_udivdi3.o)
 .debug_frame   0x0000000000002944      0x29c /opt/gnat-gpl-2014-arm-eabi/bin/../lib/gcc/arm-eabi/4.7.4/libgcc.a(unwind-arm.o)
 .debug_frame   0x0000000000002be0       0xe8 /opt/gnat-gpl-2014-arm-eabi/bin/../lib/gcc/arm-eabi/4.7.4/libgcc.a(pr-support.o)

.debug_ranges   0x0000000000000000      0x3f0
 .debug_ranges  0x0000000000000000       0x20 /Users/simon/gnat-runtimes/stm32f429i-disco-bsp//adalib/libbsp.a(startup_stm32f429xx.o)
 .debug_ranges  0x0000000000000020      0x130 /opt/gnat-gpl-2014-arm-eabi/bin/../lib/gcc/arm-eabi/4.7.4/libgcc.a(_divdi3.o)
 .debug_ranges  0x0000000000000150      0x110 /opt/gnat-gpl-2014-arm-eabi/bin/../lib/gcc/arm-eabi/4.7.4/libgcc.a(_udivdi3.o)
 .debug_ranges  0x0000000000000260      0x140 /opt/gnat-gpl-2014-arm-eabi/bin/../lib/gcc/arm-eabi/4.7.4/libgcc.a(unwind-arm.o)
 .debug_ranges  0x00000000000003a0       0x50 /opt/gnat-gpl-2014-arm-eabi/bin/../lib/gcc/arm-eabi/4.7.4/libgcc.a(pr-support.o)
